Apache Maven 3.8.8 (4c87b05d9aedce574290d1acc98575ed5eb6cd39)
Maven home: D:\85970\Files\Programming\Maven\apache-maven-3.8.8
Java version: 1.8.0_421, vendor: Oracle Corporation, runtime: C:\Program Files\Java\jdk-1.8\jre
Default locale: zh_CN, platform encoding: GBK
OS name: "windows 11", version: "10.0", arch: "amd64", family: "windows"
[DEBUG] Created new class realm maven.api
[DEBUG] Importing foreign packages into class realm maven.api
[DEBUG]   Imported: javax.annotation.* < plexus.core
[DEBUG]   Imported: javax.annotation.security.* < plexus.core
[DEBUG]   Imported: javax.inject.* < plexus.core
[DEBUG]   Imported: org.apache.maven.* < plexus.core
[DEBUG]   Imported: org.apache.maven.artifact < plexus.core
[DEBUG]   Imported: org.apache.maven.classrealm < plexus.core
[DEBUG]   Imported: org.apache.maven.cli < plexus.core
[DEBUG]   Imported: org.apache.maven.configuration < plexus.core
[DEBUG]   Imported: org.apache.maven.exception < plexus.core
[DEBUG]   Imported: org.apache.maven.execution < plexus.core
[DEBUG]   Imported: org.apache.maven.execution.scope < plexus.core
[DEBUG]   Imported: org.apache.maven.graph < plexus.core
[DEBUG]   Imported: org.apache.maven.lifecycle < plexus.core
[DEBUG]   Imported: org.apache.maven.model < plexus.core
[DEBUG]   Imported: org.apache.maven.monitor < plexus.core
[DEBUG]   Imported: org.apache.maven.plugin < plexus.core
[DEBUG]   Imported: org.apache.maven.profiles < plexus.core
[DEBUG]   Imported: org.apache.maven.project < plexus.core
[DEBUG]   Imported: org.apache.maven.reporting < plexus.core
[DEBUG]   Imported: org.apache.maven.repository < plexus.core
[DEBUG]   Imported: org.apache.maven.rtinfo < plexus.core
[DEBUG]   Imported: org.apache.maven.settings < plexus.core
[DEBUG]   Imported: org.apache.maven.toolchain < plexus.core
[DEBUG]   Imported: org.apache.maven.usability < plexus.core
[DEBUG]   Imported: org.apache.maven.wagon.* < plexus.core
[DEBUG]   Imported: org.apache.maven.wagon.authentication < plexus.core
[DEBUG]   Imported: org.apache.maven.wagon.authorization < plexus.core
[DEBUG]   Imported: org.apache.maven.wagon.events < plexus.core
[DEBUG]   Imported: org.apache.maven.wagon.observers < plexus.core
[DEBUG]   Imported: org.apache.maven.wagon.proxy < plexus.core
[DEBUG]   Imported: org.apache.maven.wagon.repository < plexus.core
[DEBUG]   Imported: org.apache.maven.wagon.resource < plexus.core
[DEBUG]   Imported: org.codehaus.classworlds < plexus.core
[DEBUG]   Imported: org.codehaus.plexus.* < plexus.core
[DEBUG]   Imported: org.codehaus.plexus.classworlds < plexus.core
[DEBUG]   Imported: org.codehaus.plexus.component < plexus.core
[DEBUG]   Imported: org.codehaus.plexus.configuration < plexus.core
[DEBUG]   Imported: org.codehaus.plexus.container < plexus.core
[DEBUG]   Imported: org.codehaus.plexus.context < plexus.core
[DEBUG]   Imported: org.codehaus.plexus.lifecycle < plexus.core
[DEBUG]   Imported: org.codehaus.plexus.logging < plexus.core
[DEBUG]   Imported: org.codehaus.plexus.personality < plexus.core
[DEBUG]   Imported: org.codehaus.plexus.util.xml.Xpp3Dom < plexus.core
[DEBUG]   Imported: org.codehaus.plexus.util.xml.pull.XmlPullParser < plexus.core
[DEBUG]   Imported: org.codehaus.plexus.util.xml.pull.XmlPullParserException < plexus.core
[DEBUG]   Imported: org.codehaus.plexus.util.xml.pull.XmlSerializer < plexus.core
[DEBUG]   Imported: org.eclipse.aether.* < plexus.core
[DEBUG]   Imported: org.eclipse.aether.artifact < plexus.core
[DEBUG]   Imported: org.eclipse.aether.collection < plexus.core
[DEBUG]   Imported: org.eclipse.aether.deployment < plexus.core
[DEBUG]   Imported: org.eclipse.aether.graph < plexus.core
[DEBUG]   Imported: org.eclipse.aether.impl < plexus.core
[DEBUG]   Imported: org.eclipse.aether.installation < plexus.core
[DEBUG]   Imported: org.eclipse.aether.internal.impl < plexus.core
[DEBUG]   Imported: org.eclipse.aether.metadata < plexus.core
[DEBUG]   Imported: org.eclipse.aether.repository < plexus.core
[DEBUG]   Imported: org.eclipse.aether.resolution < plexus.core
[DEBUG]   Imported: org.eclipse.aether.spi < plexus.core
[DEBUG]   Imported: org.eclipse.aether.transfer < plexus.core
[DEBUG]   Imported: org.eclipse.aether.version < plexus.core
[DEBUG]   Imported: org.fusesource.jansi.* < plexus.core
[DEBUG]   Imported: org.slf4j.* < plexus.core
[DEBUG]   Imported: org.slf4j.event.* < plexus.core
[DEBUG]   Imported: org.slf4j.helpers.* < plexus.core
[DEBUG]   Imported: org.slf4j.spi.* < plexus.core
[DEBUG] Populating class realm maven.api
[INFO] Error stacktraces are turned on.
[DEBUG] Message scheme: color
[DEBUG] Message styles: debug info warning error success failure strong mojo project
[DEBUG] Reading global settings from D:\85970\Files\Programming\Maven\apache-maven-3.8.8\conf\settings.xml
[DEBUG] Reading user settings from C:\Users\85970\.m2\settings.xml
[DEBUG] Reading global toolchains from D:\85970\Files\Programming\Maven\apache-maven-3.8.8\conf\toolchains.xml
[DEBUG] Reading user toolchains from C:\Users\85970\.m2\toolchains.xml
[DEBUG] Using local repository at D:\85970\Files\Programming\Maven\apache-maven-3.8.8\repository
[DEBUG] Using manager EnhancedLocalRepositoryManager with priority 10.0 for D:\85970\Files\Programming\Maven\apache-maven-3.8.8\repository
[INFO] Scanning for projects...
[DEBUG] Using mirror alimaven (http://maven.aliyun.com/nexus/content/groups/public/) for central (https://repo.maven.apache.org/maven2).
[DEBUG] Extension realms for project org.openapitools:openapi-spring:jar:1.0.0: (none)
[DEBUG] Looking up lifecycle mappings for packaging jar from ClassRealm[plexus.core, parent: null]
[DEBUG] Extension realms for project org.springframework.boot:spring-boot-starter-parent:pom:2.6.13: (none)
[DEBUG] Looking up lifecycle mappings for packaging pom from ClassRealm[plexus.core, parent: null]
[DEBUG] Extension realms for project org.springframework.boot:spring-boot-dependencies:pom:2.6.13: (none)
[DEBUG] Looking up lifecycle mappings for packaging pom from ClassRealm[plexus.core, parent: null]
[DEBUG] === REACTOR BUILD PLAN ================================================
[DEBUG] Project: org.openapitools:openapi-spring:jar:1.0.0
[DEBUG] Tasks:   [clean, compile]
[DEBUG] Style:   Regular
[DEBUG] =======================================================================
[INFO] 
[INFO] ------------------< org.openapitools:openapi-spring >-------------------
[INFO] Building openapi-spring 1.0.0
[INFO]   from pom.xml
[INFO] --------------------------------[ jar ]---------------------------------
[DEBUG] Lifecycle default -> [validate, initialize, generate-sources, process-sources, generate-resources, process-resources, compile, process-classes, generate-test-sources, process-test-sources, generate-test-resources, process-test-resources, test-compile, process-test-classes, test, prepare-package, package, pre-integration-test, integration-test, post-integration-test, verify, install, deploy]
[DEBUG] Lifecycle clean -> [pre-clean, clean, post-clean]
[DEBUG] Lifecycle site -> [pre-site, site, post-site, site-deploy]
[DEBUG] Lifecycle default -> [validate, initialize, generate-sources, process-sources, generate-resources, process-resources, compile, process-classes, generate-test-sources, process-test-sources, generate-test-resources, process-test-resources, test-compile, process-test-classes, test, prepare-package, package, pre-integration-test, integration-test, post-integration-test, verify, install, deploy]
[DEBUG] Lifecycle clean -> [pre-clean, clean, post-clean]
[DEBUG] Lifecycle site -> [pre-site, site, post-site, site-deploy]
[DEBUG] Lifecycle default -> [validate, initialize, generate-sources, process-sources, generate-resources, process-resources, compile, process-classes, generate-test-sources, process-test-sources, generate-test-resources, process-test-resources, test-compile, process-test-classes, test, prepare-package, package, pre-integration-test, integration-test, post-integration-test, verify, install, deploy]
[DEBUG] Lifecycle clean -> [pre-clean, clean, post-clean]
[DEBUG] Lifecycle site -> [pre-site, site, post-site, site-deploy]
[DEBUG] Lifecycle default -> [validate, initialize, generate-sources, process-sources, generate-resources, process-resources, compile, process-classes, generate-test-sources, process-test-sources, generate-test-resources, process-test-resources, test-compile, process-test-classes, test, prepare-package, package, pre-integration-test, integration-test, post-integration-test, verify, install, deploy]
[DEBUG] Lifecycle clean -> [pre-clean, clean, post-clean]
[DEBUG] Lifecycle site -> [pre-site, site, post-site, site-deploy]
[DEBUG] Lifecycle default -> [validate, initialize, generate-sources, process-sources, generate-resources, process-resources, compile, process-classes, generate-test-sources, process-test-sources, generate-test-resources, process-test-resources, test-compile, process-test-classes, test, prepare-package, package, pre-integration-test, integration-test, post-integration-test, verify, install, deploy]
[DEBUG] Lifecycle clean -> [pre-clean, clean, post-clean]
[DEBUG] Lifecycle site -> [pre-site, site, post-site, site-deploy]
[DEBUG] === PROJECT BUILD PLAN ================================================
[DEBUG] Project:       org.openapitools:openapi-spring:1.0.0
[DEBUG] Dependencies (collect): []
[DEBUG] Dependencies (resolve): [compile]
[DEBUG] Repositories (dependencies): [alimaven (http://maven.aliyun.com/nexus/content/groups/public/, default, releases)]
[DEBUG] Repositories (plugins)     : [alimaven (http://maven.aliyun.com/nexus/content/groups/public/, default, releases)]
[DEBUG] -----------------------------------------------------------------------
[DEBUG] Goal:          org.apache.maven.plugins:maven-clean-plugin:3.1.0:clean (default-clean)
[DEBUG] Style:         Regular
[DEBUG] Configuration: <?xml version="1.0" encoding="UTF-8"?>
<configuration>
  <directory default-value="${project.build.directory}"/>
  <excludeDefaultDirectories default-value="false">${maven.clean.excludeDefaultDirectories}</excludeDefaultDirectories>
  <failOnError default-value="true">${maven.clean.failOnError}</failOnError>
  <followSymLinks default-value="false">${maven.clean.followSymLinks}</followSymLinks>
  <outputDirectory default-value="${project.build.outputDirectory}"/>
  <reportDirectory default-value="${project.build.outputDirectory}"/>
  <retryOnError default-value="true">${maven.clean.retryOnError}</retryOnError>
  <skip default-value="false">${maven.clean.skip}</skip>
  <testOutputDirectory default-value="${project.build.testOutputDirectory}"/>
  <verbose>${maven.clean.verbose}</verbose>
</configuration>
[DEBUG] -----------------------------------------------------------------------
[DEBUG] Goal:          org.apache.maven.plugins:maven-resources-plugin:3.2.0:resources (default-resources)
[DEBUG] Style:         Regular
[DEBUG] Configuration: <?xml version="1.0" encoding="UTF-8"?>
<configuration>
  <addDefaultExcludes default-value="true"/>
  <buildFilters default-value="${project.build.filters}"/>
  <delimiters>
    <delimiter>@</delimiter>
  </delimiters>
  <encoding default-value="${project.build.sourceEncoding}"/>
  <escapeWindowsPaths default-value="true"/>
  <fileNameFiltering default-value="false"/>
  <includeEmptyDirs default-value="false"/>
  <outputDirectory default-value="${project.build.outputDirectory}"/>
  <overwrite default-value="false"/>
  <project default-value="${project}"/>
  <propertiesEncoding>UTF-8</propertiesEncoding>
  <resources default-value="${project.resources}"/>
  <session default-value="${session}"/>
  <skip default-value="false">${maven.resources.skip}</skip>
  <supportMultiLineFiltering default-value="false"/>
  <useBuildFilters default-value="true"/>
  <useDefaultDelimiters default-value="true">false</useDefaultDelimiters>
</configuration>
[DEBUG] -----------------------------------------------------------------------
[DEBUG] Goal:          org.apache.maven.plugins:maven-compiler-plugin:3.8.1:compile (default-compile)
[DEBUG] Style:         Regular
[DEBUG] Configuration: <?xml version="1.0" encoding="UTF-8"?>
<configuration>
  <annotationProcessorPaths>
    <path>
      <groupId>org.mapstruct</groupId>
      <artifactId>mapstruct-processor</artifactId>
      <version>1.5.5.Final</version>
    </path>
    <path>
      <groupId>org.projectlombok</groupId>
      <artifactId>lombok</artifactId>
      <version>1.18.24</version>
    </path>
    <path>
      <groupId>org.projectlombok</groupId>
      <artifactId>lombok-mapstruct-binding</artifactId>
      <version>0.2.0</version>
    </path>
  </annotationProcessorPaths>
  <basedir default-value="${basedir}"/>
  <buildDirectory default-value="${project.build.directory}"/>
  <compilePath default-value="${project.compileClasspathElements}"/>
  <compileSourceRoots default-value="${project.compileSourceRoots}"/>
  <compilerId default-value="javac">${maven.compiler.compilerId}</compilerId>
  <compilerReuseStrategy default-value="${reuseCreated}">${maven.compiler.compilerReuseStrategy}</compilerReuseStrategy>
  <compilerVersion>${maven.compiler.compilerVersion}</compilerVersion>
  <debug default-value="true">${maven.compiler.debug}</debug>
  <debuglevel>${maven.compiler.debuglevel}</debuglevel>
  <encoding default-value="${project.build.sourceEncoding}">${encoding}</encoding>
  <executable>${maven.compiler.executable}</executable>
  <failOnError default-value="true">${maven.compiler.failOnError}</failOnError>
  <failOnWarning default-value="false">${maven.compiler.failOnWarning}</failOnWarning>
  <forceJavacCompilerUse default-value="false">${maven.compiler.forceJavacCompilerUse}</forceJavacCompilerUse>
  <fork default-value="false">${maven.compiler.fork}</fork>
  <generatedSourcesDirectory default-value="${project.build.directory}/generated-sources/annotations"/>
  <maxmem>${maven.compiler.maxmem}</maxmem>
  <meminitial>${maven.compiler.meminitial}</meminitial>
  <mojoExecution default-value="${mojoExecution}"/>
  <optimize default-value="false">${maven.compiler.optimize}</optimize>
  <outputDirectory default-value="${project.build.outputDirectory}"/>
  <parameters default-value="false">true</parameters>
  <project default-value="${project}"/>
  <projectArtifact default-value="${project.artifact}"/>
  <release>${maven.compiler.release}</release>
  <session default-value="${session}"/>
  <showDeprecation default-value="false">${maven.compiler.showDeprecation}</showDeprecation>
  <showWarnings default-value="false">${maven.compiler.showWarnings}</showWarnings>
  <skipMain>${maven.main.skip}</skipMain>
  <skipMultiThreadWarning default-value="false">${maven.compiler.skipMultiThreadWarning}</skipMultiThreadWarning>
  <source default-value="1.6">1.8</source>
  <staleMillis default-value="0">${lastModGranularityMs}</staleMillis>
  <target default-value="1.6">1.8</target>
  <useIncrementalCompilation default-value="true">${maven.compiler.useIncrementalCompilation}</useIncrementalCompilation>
  <verbose default-value="false">${maven.compiler.verbose}</verbose>
</configuration>
[DEBUG] =======================================================================
[DEBUG] Dependency collection stats {ConflictMarker.analyzeTime=970100, ConflictMarker.markTime=391500, ConflictMarker.nodeCount=333, ConflictIdSorter.graphTime=371800, ConflictIdSorter.topsortTime=196600, ConflictIdSorter.conflictIdCount=130, ConflictIdSorter.conflictIdCycleCount=0, ConflictResolver.totalTime=6084000, ConflictResolver.conflictItemCount=260, DefaultDependencyCollector.collectTime=199856700, DefaultDependencyCollector.transformTime=8940500}
[WARNING] The artifact mysql:mysql-connector-java:jar:8.0.31 has been relocated to com.mysql:mysql-connector-j:jar:8.0.31: MySQL Connector/J artifacts moved to reverse-DNS compliant Maven 2+ coordinates.
[DEBUG] org.openapitools:openapi-spring:jar:1.0.0
[DEBUG]    org.mybatis.spring.boot:mybatis-spring-boot-starter:jar:1.2.0:compile
[DEBUG]       org.springframework.boot:spring-boot-starter:jar:2.6.13:compile (version managed from 1.4.3.RELEASE)
[DEBUG]          org.springframework.boot:spring-boot:jar:2.6.13:compile (version managed from 2.6.13)
[DEBUG]          org.springframework.boot:spring-boot-starter-logging:jar:2.6.13:compile (version managed from 2.6.13)
[DEBUG]             ch.qos.logback:logback-classic:jar:1.2.11:compile (version managed from 1.2.11)
[DEBUG]                ch.qos.logback:logback-core:jar:1.2.11:compile (version managed from 1.2.11)
[DEBUG]             org.apache.logging.log4j:log4j-to-slf4j:jar:2.17.2:compile (version managed from 2.17.2)
[DEBUG]                org.apache.logging.log4j:log4j-api:jar:2.17.2:compile (version managed from 2.17.2)
[DEBUG]             org.slf4j:jul-to-slf4j:jar:1.7.36:compile (version managed from 1.7.36)
[DEBUG]          jakarta.annotation:jakarta.annotation-api:jar:1.3.5:compile (version managed from 1.3.5)
[DEBUG]       org.springframework.boot:spring-boot-starter-jdbc:jar:2.6.13:compile (version managed from 1.4.3.RELEASE)
[DEBUG]          com.zaxxer:HikariCP:jar:4.0.3:compile (version managed from 4.0.3)
[DEBUG]          org.springframework:spring-jdbc:jar:5.3.23:compile (version managed from 5.3.23)
[DEBUG]       org.mybatis.spring.boot:mybatis-spring-boot-autoconfigure:jar:1.2.0:compile
[DEBUG]       org.mybatis:mybatis:jar:3.4.2:compile
[DEBUG]       org.mybatis:mybatis-spring:jar:1.3.1:compile
[DEBUG]    org.springframework.security:spring-security-test:jar:5.7.3:test
[DEBUG]       org.springframework.security:spring-security-core:jar:5.6.8:compile (version managed from 5.7.3)
[DEBUG]          org.springframework.security:spring-security-crypto:jar:5.6.8:compile (version managed from 5.6.8)
[DEBUG]          org.springframework:spring-context:jar:5.3.23:compile (version managed from 5.3.23)
[DEBUG]          org.springframework:spring-expression:jar:5.3.23:compile (version managed from 5.3.23)
[DEBUG]       org.springframework.security:spring-security-web:jar:5.6.8:compile (version managed from 5.7.3)
[DEBUG]       org.springframework:spring-core:jar:5.3.23:compile (version managed from 5.3.22)
[DEBUG]          org.springframework:spring-jcl:jar:5.3.23:compile (version managed from 5.3.23)
[DEBUG]       org.springframework:spring-test:jar:5.3.23:test (version managed from 5.3.22)
[DEBUG]    io.jsonwebtoken:jjwt:jar:0.9.1:compile
[DEBUG]    org.springframework.boot:spring-boot-starter-security:jar:2.6.13:compile
[DEBUG]       org.springframework:spring-aop:jar:5.3.23:compile (version managed from 5.3.23)
[DEBUG]       org.springframework.security:spring-security-config:jar:5.6.8:compile (version managed from 5.6.8)
[DEBUG]    org.testcontainers:testcontainers:jar:1.19.8:test
[DEBUG]       junit:junit:jar:4.13.2:test (version managed from 4.13.2)
[DEBUG]          org.hamcrest:hamcrest-core:jar:2.2:test (version managed from 1.3)
[DEBUG]       org.slf4j:slf4j-api:jar:1.7.36:compile (version managed from 1.7.36)
[DEBUG]       org.apache.commons:commons-compress:jar:1.24.0:test
[DEBUG]       org.rnorth.duct-tape:duct-tape:jar:1.0.8:test
[DEBUG]          org.jetbrains:annotations:jar:17.0.0:test
[DEBUG]       com.github.docker-java:docker-java-api:jar:3.3.6:test
[DEBUG]       com.github.docker-java:docker-java-transport-zerodep:jar:3.3.6:test
[DEBUG]          com.github.docker-java:docker-java-transport:jar:3.3.6:test
[DEBUG]          net.java.dev.jna:jna:jar:5.13.0:test
[DEBUG]    org.testcontainers:mysql:jar:1.19.8:test
[DEBUG]       org.testcontainers:jdbc:jar:1.19.8:test
[DEBUG]          org.testcontainers:database-commons:jar:1.19.8:test
[DEBUG]    org.testcontainers:junit-jupiter:jar:1.19.8:test
[DEBUG]    org.springframework.boot:spring-boot-starter-test:jar:2.6.13:test
[DEBUG]       org.springframework.boot:spring-boot-test:jar:2.6.13:test (version managed from 2.6.13)
[DEBUG]       org.springframework.boot:spring-boot-test-autoconfigure:jar:2.6.13:test (version managed from 2.6.13)
[DEBUG]       com.jayway.jsonpath:json-path:jar:2.6.0:test (version managed from 2.6.0)
[DEBUG]          net.minidev:json-smart:jar:2.4.8:test (version managed from 2.4.7)
[DEBUG]             net.minidev:accessors-smart:jar:2.4.8:test
[DEBUG]                org.ow2.asm:asm:jar:9.1:test
[DEBUG]       jakarta.xml.bind:jakarta.xml.bind-api:jar:2.3.3:compile (version managed from 2.3.3)
[DEBUG]          jakarta.activation:jakarta.activation-api:jar:1.2.2:compile (version managed from 1.2.2)
[DEBUG]       org.assertj:assertj-core:jar:3.21.0:test (version managed from 3.21.0)
[DEBUG]       org.hamcrest:hamcrest:jar:2.2:test (version managed from 2.2)
[DEBUG]       org.junit.jupiter:junit-jupiter:jar:5.8.2:test (version managed from 5.8.2)
[DEBUG]          org.junit.jupiter:junit-jupiter-api:jar:5.8.2:test (version managed from 5.8.2)
[DEBUG]             org.opentest4j:opentest4j:jar:1.2.0:test
[DEBUG]             org.junit.platform:junit-platform-commons:jar:1.8.2:test (version managed from 1.8.2)
[DEBUG]             org.apiguardian:apiguardian-api:jar:1.1.2:test
[DEBUG]          org.junit.jupiter:junit-jupiter-params:jar:5.8.2:test (version managed from 5.8.2)
[DEBUG]          org.junit.jupiter:junit-jupiter-engine:jar:5.8.2:test (version managed from 5.8.2)
[DEBUG]             org.junit.platform:junit-platform-engine:jar:1.8.2:test (version managed from 1.8.2)
[DEBUG]       org.mockito:mockito-core:jar:4.0.0:test (version managed from 4.0.0)
[DEBUG]          net.bytebuddy:byte-buddy:jar:1.11.22:compile (version managed from 1.11.19)
[DEBUG]          net.bytebuddy:byte-buddy-agent:jar:1.11.22:test (version managed from 1.11.19)
[DEBUG]          org.objenesis:objenesis:jar:3.2:test
[DEBUG]       org.mockito:mockito-junit-jupiter:jar:4.0.0:test (version managed from 4.0.0)
[DEBUG]       org.skyscreamer:jsonassert:jar:1.5.1:test (version managed from 1.5.1)
[DEBUG]          com.vaadin.external.google:android-json:jar:0.0.20131108.vaadin1:test
[DEBUG]       org.xmlunit:xmlunit-core:jar:2.8.4:test (version managed from 2.8.4)
[DEBUG]    org.mapstruct:mapstruct:jar:1.5.5.Final:compile
[DEBUG]    org.mapstruct:mapstruct-processor:jar:1.5.5.Final:provided
[DEBUG]    org.springframework.boot:spring-boot-starter-data-jpa:jar:2.6.13:compile
[DEBUG]       org.springframework.boot:spring-boot-starter-aop:jar:2.6.13:compile (version managed from 2.6.13)
[DEBUG]          org.aspectj:aspectjweaver:jar:1.9.7:compile (version managed from 1.9.7)
[DEBUG]       jakarta.transaction:jakarta.transaction-api:jar:1.3.3:compile (version managed from 1.3.3)
[DEBUG]       jakarta.persistence:jakarta.persistence-api:jar:2.2.3:compile (version managed from 2.2.3)
[DEBUG]       org.hibernate:hibernate-core:jar:5.6.12.Final:compile (version managed from 5.6.12.Final)
[DEBUG]          org.jboss.logging:jboss-logging:jar:3.4.3.Final:compile (version managed from 3.4.3.Final)
[DEBUG]          antlr:antlr:jar:2.7.7:compile (version managed from 2.7.7)
[DEBUG]          org.jboss:jandex:jar:2.4.2.Final:compile
[DEBUG]          com.fasterxml:classmate:jar:1.5.1:compile (version managed from 1.5.1)
[DEBUG]          org.hibernate.common:hibernate-commons-annotations:jar:5.1.2.Final:compile
[DEBUG]          org.glassfish.jaxb:jaxb-runtime:jar:2.3.7:compile (version managed from 2.3.1)
[DEBUG]             org.glassfish.jaxb:txw2:jar:2.3.7:compile (version managed from 2.3.7)
[DEBUG]             com.sun.istack:istack-commons-runtime:jar:3.0.12:compile
[DEBUG]             com.sun.activation:jakarta.activation:jar:1.2.2:runtime (version managed from 1.2.2)
[DEBUG]       org.springframework.data:spring-data-jpa:jar:2.6.9:compile (version managed from 2.6.9)
[DEBUG]          org.springframework:spring-orm:jar:5.3.23:compile (version managed from 5.3.23)
[DEBUG]          org.springframework:spring-tx:jar:5.3.23:compile (version managed from 5.3.23)
[DEBUG]       org.springframework:spring-aspects:jar:5.3.23:compile (version managed from 5.3.23)
[DEBUG]    com.alibaba:druid-spring-boot-starter:jar:1.2.14:compile
[DEBUG]       com.alibaba:druid:jar:1.2.14:compile
[DEBUG]       org.springframework.boot:spring-boot-autoconfigure:jar:2.6.13:compile (version managed from 1.5.12.RELEASE)
[DEBUG]    org.projectlombok:lombok:jar:1.18.24:provided
[DEBUG]    com.mysql:mysql-connector-j:jar:8.0.31:compile (exclusions managed from [com.google.protobuf:protobuf-java:*:*])
[DEBUG]    org.springframework.boot:spring-boot-starter-web:jar:2.6.13:compile
[DEBUG]       org.springframework.boot:spring-boot-starter-json:jar:2.6.13:compile (version managed from 2.6.13)
[DEBUG]          com.fasterxml.jackson.datatype:jackson-datatype-jdk8:jar:2.13.4:compile (version managed from 2.13.4)
[DEBUG]          com.fasterxml.jackson.module:jackson-module-parameter-names:jar:2.13.4:compile (version managed from 2.13.4)
[DEBUG]       org.springframework.boot:spring-boot-starter-tomcat:jar:2.6.13:compile (version managed from 2.6.13)
[DEBUG]          org.apache.tomcat.embed:tomcat-embed-core:jar:9.0.68:compile (version managed from 9.0.68)
[DEBUG]          org.apache.tomcat.embed:tomcat-embed-websocket:jar:9.0.68:compile (version managed from 9.0.68)
[DEBUG]       org.springframework:spring-web:jar:5.3.23:compile (version managed from 5.3.23)
[DEBUG]       org.springframework:spring-webmvc:jar:5.3.23:compile (version managed from 5.3.23)
[DEBUG]    org.springframework.data:spring-data-commons:jar:2.6.9:compile
[DEBUG]       org.springframework:spring-beans:jar:5.3.23:compile (version managed from 5.3.23)
[DEBUG]    org.springdoc:springdoc-openapi-ui:jar:1.6.4:compile
[DEBUG]       org.springdoc:springdoc-openapi-webmvc-core:jar:1.6.4:compile
[DEBUG]          org.springdoc:springdoc-openapi-common:jar:1.6.4:compile
[DEBUG]             io.swagger.core.v3:swagger-core:jar:2.1.12:compile
[DEBUG]                org.apache.commons:commons-lang3:jar:3.12.0:compile (version managed from 3.7)
[DEBUG]                io.swagger.core.v3:swagger-annotations:jar:2.1.12:compile
[DEBUG]                io.swagger.core.v3:swagger-models:jar:2.1.12:compile
[DEBUG]       org.webjars:swagger-ui:jar:4.1.3:compile
[DEBUG]       org.webjars:webjars-locator-core:jar:0.48:compile (version managed from 0.45)
[DEBUG]       io.github.classgraph:classgraph:jar:4.8.138:compile
[DEBUG]    com.google.code.findbugs:jsr305:jar:3.0.2:compile
[DEBUG]    com.fasterxml.jackson.dataformat:jackson-dataformat-yaml:jar:2.13.4:compile
[DEBUG]       org.yaml:snakeyaml:jar:1.29:compile (version managed from 1.31)
[DEBUG]       com.fasterxml.jackson.core:jackson-core:jar:2.13.4:compile (version managed from 2.13.4)
[DEBUG]    com.fasterxml.jackson.datatype:jackson-datatype-jsr310:jar:2.13.4:compile
[DEBUG]       com.fasterxml.jackson.core:jackson-annotations:jar:2.13.4:compile (version managed from 2.13.4)
[DEBUG]    org.openapitools:jackson-databind-nullable:jar:0.2.2:compile
[DEBUG]    org.springframework.boot:spring-boot-starter-validation:jar:2.6.13:compile
[DEBUG]       org.apache.tomcat.embed:tomcat-embed-el:jar:9.0.68:compile (version managed from 9.0.68)
[DEBUG]       org.hibernate.validator:hibernate-validator:jar:6.2.5.Final:compile (version managed from 6.2.5.Final)
[DEBUG]          jakarta.validation:jakarta.validation-api:jar:2.0.2:compile (version managed from 2.0.2)
[DEBUG]    com.fasterxml.jackson.core:jackson-databind:jar:2.13.4.2:compile
[INFO] 
[INFO] --- maven-clean-plugin:3.1.0:clean (default-clean) @ openapi-spring ---
[DEBUG] Dependency collection stats {ConflictMarker.analyzeTime=81000, ConflictMarker.markTime=14000, ConflictMarker.nodeCount=14, ConflictIdSorter.graphTime=39300, ConflictIdSorter.topsortTime=8200, ConflictIdSorter.conflictIdCount=12, ConflictIdSorter.conflictIdCycleCount=0, ConflictResolver.totalTime=111400, ConflictResolver.conflictItemCount=14, DefaultDependencyCollector.collectTime=16445500, DefaultDependencyCollector.transformTime=287900}
[DEBUG] org.apache.maven.plugins:maven-clean-plugin:jar:3.1.0
[DEBUG]    org.apache.maven:maven-plugin-api:jar:3.0:compile
[DEBUG]       org.apache.maven:maven-model:jar:3.0:compile
[DEBUG]          org.codehaus.plexus:plexus-utils:jar:2.0.4:compile
[DEBUG]       org.apache.maven:maven-artifact:jar:3.0:compile
[DEBUG]       org.sonatype.sisu:sisu-inject-plexus:jar:1.4.2:compile
[DEBUG]          org.codehaus.plexus:plexus-component-annotations:jar:1.7.1:compile (version managed from default)
[DEBUG]          org.codehaus.plexus:plexus-classworlds:jar:2.2.3:compile
[DEBUG]          org.sonatype.sisu:sisu-inject-bean:jar:1.4.2:compile
[DEBUG]             org.sonatype.sisu:sisu-guice:jar:noaop:2.1.7:compile
[DEBUG]    org.apache.maven.shared:maven-shared-utils:jar:3.2.1:compile
[DEBUG]       commons-io:commons-io:jar:2.5:compile
[DEBUG] Created new class realm plugin>org.apache.maven.plugins:maven-clean-plugin:3.1.0
[DEBUG] Importing foreign packages into class realm plugin>org.apache.maven.plugins:maven-clean-plugin:3.1.0
[DEBUG]   Imported:  < maven.api
[DEBUG] Populating class realm plugin>org.apache.maven.plugins:maven-clean-plugin:3.1.0
[DEBUG]   Included: org.apache.maven.plugins:maven-clean-plugin:jar:3.1.0
[DEBUG]   Included: org.codehaus.plexus:plexus-utils:jar:2.0.4
[DEBUG]   Included: org.codehaus.plexus:plexus-component-annotations:jar:1.7.1
[DEBUG]   Included: org.sonatype.sisu:sisu-inject-bean:jar:1.4.2
[DEBUG]   Included: org.sonatype.sisu:sisu-guice:jar:noaop:2.1.7
[DEBUG]   Included: org.apache.maven.shared:maven-shared-utils:jar:3.2.1
[DEBUG]   Included: commons-io:commons-io:jar:2.5
[DEBUG] Loading mojo org.apache.maven.plugins:maven-clean-plugin:3.1.0:clean from plugin realm ClassRealm[plugin>org.apache.maven.plugins:maven-clean-plugin:3.1.0, parent: sun.misc.Launcher$AppClassLoader@45fe3ee3]
[DEBUG] Configuring mojo execution 'org.apache.maven.plugins:maven-clean-plugin:3.1.0:clean:default-clean' with basic configurator -->
[DEBUG]   (f) directory = D:\85970\Files\ProgrammingFiles\GitProject\Accounting System\server\target
[DEBUG]   (f) excludeDefaultDirectories = false
[DEBUG]   (f) failOnError = true
[DEBUG]   (f) followSymLinks = false
[DEBUG]   (f) outputDirectory = D:\85970\Files\ProgrammingFiles\GitProject\Accounting System\server\target\classes
[DEBUG]   (f) reportDirectory = D:\85970\Files\ProgrammingFiles\GitProject\Accounting System\server\target\classes
[DEBUG]   (f) retryOnError = true
[DEBUG]   (f) skip = false
[DEBUG]   (f) testOutputDirectory = D:\85970\Files\ProgrammingFiles\GitProject\Accounting System\server\target\test-classes
[DEBUG] -- end configuration --
[INFO] Deleting D:\85970\Files\ProgrammingFiles\GitProject\Accounting System\server\target
[INFO] Deleting file D:\85970\Files\ProgrammingFiles\GitProject\Accounting System\server\target\maven-status\maven-compiler-plugin\compile\default-compile\inputFiles.lst
[INFO] Deleting file D:\85970\Files\ProgrammingFiles\GitProject\Accounting System\server\target\maven-status\maven-compiler-plugin\compile\default-compile\createdFiles.lst
[INFO] Deleting directory D:\85970\Files\ProgrammingFiles\GitProject\Accounting System\server\target\maven-status\maven-compiler-plugin\compile\default-compile
[INFO] Deleting directory D:\85970\Files\ProgrammingFiles\GitProject\Accounting System\server\target\maven-status\maven-compiler-plugin\compile
[INFO] Deleting directory D:\85970\Files\ProgrammingFiles\GitProject\Accounting System\server\target\maven-status\maven-compiler-plugin
[INFO] Deleting directory D:\85970\Files\ProgrammingFiles\GitProject\Accounting System\server\target\maven-status
[INFO] Deleting directory D:\85970\Files\ProgrammingFiles\GitProject\Accounting System\server\target\generated-sources\annotations
[INFO] Deleting directory D:\85970\Files\ProgrammingFiles\GitProject\Accounting System\server\target\generated-sources
[INFO] Deleting file D:\85970\Files\ProgrammingFiles\GitProject\Accounting System\server\target\classes\static\index.html
[INFO] Deleting directory D:\85970\Files\ProgrammingFiles\GitProject\Accounting System\server\target\classes\static
[INFO] Deleting file D:\85970\Files\ProgrammingFiles\GitProject\Accounting System\server\target\classes\openapi\family_accounting_openapi.yaml
[INFO] Deleting directory D:\85970\Files\ProgrammingFiles\GitProject\Accounting System\server\target\classes\openapi
[INFO] Deleting file D:\85970\Files\ProgrammingFiles\GitProject\Accounting System\server\target\classes\db\schema.sql
[INFO] Deleting directory D:\85970\Files\ProgrammingFiles\GitProject\Accounting System\server\target\classes\db
[INFO] Deleting file D:\85970\Files\ProgrammingFiles\GitProject\Accounting System\server\target\classes\application.yml
[INFO] Deleting directory D:\85970\Files\ProgrammingFiles\GitProject\Accounting System\server\target\classes
[INFO] Deleting directory D:\85970\Files\ProgrammingFiles\GitProject\Accounting System\server\target
[DEBUG] Skipping non-existing directory D:\85970\Files\ProgrammingFiles\GitProject\Accounting System\server\target\classes
[DEBUG] Skipping non-existing directory D:\85970\Files\ProgrammingFiles\GitProject\Accounting System\server\target\test-classes
[DEBUG] Skipping non-existing directory D:\85970\Files\ProgrammingFiles\GitProject\Accounting System\server\target\classes
[INFO] 
[INFO] --- maven-resources-plugin:3.2.0:resources (default-resources) @ openapi-spring ---
[DEBUG] Dependency collection stats {ConflictMarker.analyzeTime=58500, ConflictMarker.markTime=23900, ConflictMarker.nodeCount=86, ConflictIdSorter.graphTime=37800, ConflictIdSorter.topsortTime=17400, ConflictIdSorter.conflictIdCount=35, ConflictIdSorter.conflictIdCycleCount=0, ConflictResolver.totalTime=246100, ConflictResolver.conflictItemCount=85, DefaultDependencyCollector.collectTime=37068300, DefaultDependencyCollector.transformTime=401800}
[DEBUG] org.apache.maven.plugins:maven-resources-plugin:jar:3.2.0
[DEBUG]    org.apache.maven:maven-plugin-api:jar:3.1.0:compile
[DEBUG]       org.apache.maven:maven-artifact:jar:3.1.0:compile
[DEBUG]    org.apache.maven:maven-core:jar:3.1.0:compile
[DEBUG]       org.apache.maven:maven-settings:jar:3.1.0:compile
[DEBUG]       org.apache.maven:maven-settings-builder:jar:3.1.0:compile
[DEBUG]       org.apache.maven:maven-repository-metadata:jar:3.1.0:compile
[DEBUG]       org.apache.maven:maven-model-builder:jar:3.1.0:compile
[DEBUG]       org.apache.maven:maven-aether-provider:jar:3.1.0:compile
[DEBUG]          org.eclipse.aether:aether-spi:jar:0.9.0.M2:compile
[DEBUG]       org.eclipse.aether:aether-impl:jar:0.9.0.M2:compile
[DEBUG]       org.eclipse.aether:aether-api:jar:0.9.0.M2:compile
[DEBUG]       org.eclipse.aether:aether-util:jar:0.9.0.M2:compile
[DEBUG]       org.codehaus.plexus:plexus-utils:jar:3.0.10:compile
[DEBUG]       org.codehaus.plexus:plexus-classworlds:jar:2.4.2:compile
[DEBUG]       org.sonatype.plexus:plexus-sec-dispatcher:jar:1.3:compile
[DEBUG]          org.sonatype.plexus:plexus-cipher:jar:1.4:compile
[DEBUG]    org.apache.maven:maven-model:jar:3.1.0:compile
[DEBUG]    org.codehaus.plexus:plexus-component-annotations:jar:2.0.0:compile
[DEBUG]    org.codehaus.plexus:plexus-interpolation:jar:1.26:runtime
[DEBUG]    org.eclipse.sisu:org.eclipse.sisu.plexus:jar:0.0.0.M2a:compile
[DEBUG]       javax.enterprise:cdi-api:jar:1.0:compile
[DEBUG]          javax.annotation:jsr250-api:jar:1.0:compile
[DEBUG]          javax.inject:javax.inject:jar:1:compile
[DEBUG]       com.google.guava:guava:jar:10.0.1:compile
[DEBUG]          com.google.code.findbugs:jsr305:jar:1.3.9:compile
[DEBUG]       org.sonatype.sisu:sisu-guice:jar:no_aop:3.1.0:compile
[DEBUG]          aopalliance:aopalliance:jar:1.0:compile
[DEBUG]       org.eclipse.sisu:org.eclipse.sisu.inject:jar:0.0.0.M2a:compile
[DEBUG]          asm:asm:jar:3.3.1:compile
[DEBUG]    org.apache.maven.shared:maven-filtering:jar:3.2.0:compile
[DEBUG]       org.apache.maven.shared:maven-shared-utils:jar:3.3.3:compile
[DEBUG]       org.sonatype.plexus:plexus-build-api:jar:0.0.7:compile
[DEBUG]    commons-io:commons-io:jar:2.6:compile
[DEBUG]    org.apache.commons:commons-lang3:jar:3.8.1:compile
[DEBUG] Created new class realm plugin>org.apache.maven.plugins:maven-resources-plugin:3.2.0
[DEBUG] Importing foreign packages into class realm plugin>org.apache.maven.plugins:maven-resources-plugin:3.2.0
[DEBUG]   Imported:  < maven.api
[DEBUG] Populating class realm plugin>org.apache.maven.plugins:maven-resources-plugin:3.2.0
[DEBUG]   Included: org.apache.maven.plugins:maven-resources-plugin:jar:3.2.0
[DEBUG]   Included: org.eclipse.aether:aether-util:jar:0.9.0.M2
[DEBUG]   Included: org.codehaus.plexus:plexus-utils:jar:3.0.10
[DEBUG]   Included: org.sonatype.plexus:plexus-sec-dispatcher:jar:1.3
[DEBUG]   Included: org.sonatype.plexus:plexus-cipher:jar:1.4
[DEBUG]   Included: org.codehaus.plexus:plexus-component-annotations:jar:2.0.0
[DEBUG]   Included: org.codehaus.plexus:plexus-interpolation:jar:1.26
[DEBUG]   Included: javax.enterprise:cdi-api:jar:1.0
[DEBUG]   Included: javax.annotation:jsr250-api:jar:1.0
[DEBUG]   Included: com.google.guava:guava:jar:10.0.1
[DEBUG]   Included: com.google.code.findbugs:jsr305:jar:1.3.9
[DEBUG]   Included: org.sonatype.sisu:sisu-guice:jar:no_aop:3.1.0
[DEBUG]   Included: aopalliance:aopalliance:jar:1.0
[DEBUG]   Included: org.eclipse.sisu:org.eclipse.sisu.inject:jar:0.0.0.M2a
[DEBUG]   Included: asm:asm:jar:3.3.1
[DEBUG]   Included: org.apache.maven.shared:maven-filtering:jar:3.2.0
[DEBUG]   Included: org.apache.maven.shared:maven-shared-utils:jar:3.3.3
[DEBUG]   Included: org.sonatype.plexus:plexus-build-api:jar:0.0.7
[DEBUG]   Included: commons-io:commons-io:jar:2.6
[DEBUG]   Included: org.apache.commons:commons-lang3:jar:3.8.1
[DEBUG] Loading mojo org.apache.maven.plugins:maven-resources-plugin:3.2.0:resources from plugin realm ClassRealm[plugin>org.apache.maven.plugins:maven-resources-plugin:3.2.0, parent: sun.misc.Launcher$AppClassLoader@45fe3ee3]
[DEBUG] Configuring mojo execution 'org.apache.maven.plugins:maven-resources-plugin:3.2.0:resources:default-resources' with basic configurator -->
[DEBUG]   (f) addDefaultExcludes = true
[DEBUG]   (f) buildFilters = []
[DEBUG]   (s) delimiters = [@]
[DEBUG]   (f) encoding = UTF-8
[DEBUG]   (f) escapeWindowsPaths = true
[DEBUG]   (f) fileNameFiltering = false
[DEBUG]   (s) includeEmptyDirs = false
[DEBUG]   (s) outputDirectory = D:\85970\Files\ProgrammingFiles\GitProject\Accounting System\server\target\classes
[DEBUG]   (s) overwrite = false
[DEBUG]   (f) project = MavenProject: org.openapitools:openapi-spring:1.0.0 @ D:\85970\Files\ProgrammingFiles\GitProject\Accounting System\server\pom.xml
[DEBUG]   (f) propertiesEncoding = UTF-8
[DEBUG]   (s) resources = [Resource {targetPath: null, filtering: true, FileSet {directory: D:\85970\Files\ProgrammingFiles\GitProject\Accounting System\server\src\main\resources, PatternSet [includes: {**/application*.yml, **/application*.yaml, **/application*.properties}, excludes: {}]}}, Resource {targetPath: null, filtering: false, FileSet {directory: D:\85970\Files\ProgrammingFiles\GitProject\Accounting System\server\src\main\resources, PatternSet [includes: {}, excludes: {**/application*.yml, **/application*.yaml, **/application*.properties}]}}]
[DEBUG]   (f) session = org.apache.maven.execution.MavenSession@6bbe50c9
[DEBUG]   (f) skip = false
[DEBUG]   (f) supportMultiLineFiltering = false
[DEBUG]   (f) useBuildFilters = true
[DEBUG]   (s) useDefaultDelimiters = false
[DEBUG] -- end configuration --
[DEBUG] properties used {project.baseUri=file:/D:/85970/Files/ProgrammingFiles/GitProject/Accounting%20System/server/, env.JVMCONFIG=\.mvn\jvm.config, saaj-impl.version=1.5.3, prometheus-client.version=0.12.0, env.PROCESSOR_IDENTIFIER=AMD64 Family 25 Model 97 Stepping 2, AuthenticAMD, jaxen.version=1.2.0, env.COMMONPROGRAMFILES=C:\Program Files\Common Files, env.RIDER_VM_OPTIONS=D:\85970\Files\Programming\jetbra-ded4f9dc4fcb60294b21669dafa90330f2713ce4\jetbra\vmoptions\rider.vmoptions, byte-buddy.version=1.11.22, janino.version=3.1.8, env.PSEXECUTIONPOLICYPREFERENCE=Bypass, htmlunit.version=2.54.0, rsocket.version=1.1.3, maven-source-plugin.version=3.2.1, user.dir=D:\85970\Files\ProgrammingFiles\GitProject\Accounting System\server, java.vm.version=25.421-b09, env.JAVA8_HOME=C:\Program Files\Java\jdk-1.8, env.USERPROFILE=C:\Users\85970, okhttp3.version=3.14.9, env.JAVACMD=C:\Program Files\Java\jdk-1.8\bin\java.exe, db2-jdbc.version=11.5.7.0, selenium.version=3.141.59, versions-maven-plugin.version=2.8.1, thymeleaf-extras-java8time.version=3.0.4.RELEASE, env.CLASSWORLDS_JAR="D:\85970\Files\Programming\Maven\apache-maven-3.8.8\boot\plexus-classworlds-2.6.0.jar", sun.os.patch.level=, snakeyaml.version=1.29, javax-validation.version=2.0.1.Final, jetty.version=9.4.49.v20220914, java.vm.specification.name=Java Virtual Machine Specification, httpclient.version=4.5.13, solr.version=8.8.2, tomcat.version=9.0.68, spring-kafka.version=2.8.10, jakarta-xml-bind.version=2.3.3, jakarta-transaction.version=1.3.3, env.DEVECOSTUDIO_VM_OPTIONS=D:\85970\Files\Programming\jetbra-ded4f9dc4fcb60294b21669dafa90330f2713ce4\jetbra\vmoptions\devecostudio.vmoptions, env.WDIR=D:\, mimepull.version=1.9.15, influxdb-java.version=2.22, netty.version=4.1.84.Final, jdom2.version=2.0.6.1, os.name=Windows 11, java.specification.maintenance.version=5, env.LOCALAPPDATA=C:\Users\85970\AppData\Local, env.TMP=C:\Users\85970\AppData\Local\Temp, rxjava2.version=2.2.21, env.USERDOMAIN_ROAMINGPROFILE=YueQi, maven.version=3.8.8, maven-install-plugin.version=2.5.2, log4j2.version=2.17.2, java.vendor.url.bug=http://bugreport.sun.com/bugreport/, env.ERROR_CODE=0, os.arch=amd64, user.name=85970, servlet-api.version=4.0.1, activemq.version=5.16.5, aspectj.version=1.9.7, sun.java.command=org.codehaus.plexus.classworlds.launcher.Launcher clean compile -X, env.WEBSTORM_VM_OPTIONS=D:\85970\Files\Programming\jetbra-ded4f9dc4fcb60294b21669dafa90330f2713ce4\jetbra\vmoptions\webstorm.vmoptions, ehcache.version=2.10.9.2, env.APPCODE_VM_OPTIONS=D:\85970\Files\Programming\jetbra-ded4f9dc4fcb60294b21669dafa90330f2713ce4\jetbra\vmoptions\appcode.vmoptions, project.reporting.outputEncoding=UTF-8, undertow.version=2.2.20.Final, r2dbc-bom.version=Arabba-SR13, jackson-bom.version=2.13.4.20221013, javax-jaxws.version=2.3.1, oracle-database.version=21.3.0.0, querydsl.version=5.0.0, mssql-jdbc.version=9.4.1.jre8, env.OS=Windows_NT, user.country=CN, env.PROCESSOR_ARCHITECTURE=AMD64, slf4j.version=1.7.36, env.MINGW_HOME=C:\Program Files\mingw64, env.DATAGRIP_VM_OPTIONS=D:\85970\Files\Programming\jetbra-ded4f9dc4fcb60294b21669dafa90330f2713ce4\jetbra\vmoptions\datagrip.vmoptions, java.endorsed.dirs=C:\Program Files\Java\jdk-1.8\jre\lib\endorsed, env.TEMP=C:\Users\85970\AppData\Local\Temp, jakarta-json-bind.version=1.0.2, maven-dependency-plugin.version=3.2.0, env.WEBIDE_VM_OPTIONS=D:\85970\Files\Programming\jetbra-ded4f9dc4fcb60294b21669dafa90330f2713ce4\jetbra\vmoptions\webide.vmoptions, env.JETBRAINS_INTELLIJ_COMMAND_END_MARKER=5RAvM2bVIWC3uUga7jyEHxs11Tpve9T6079sBBu93sHMWmgBHp98Y5Ywx26348xD, kotlin.version=1.6.21, env.CLION_VM_OPTIONS=D:\85970\Files\Programming\jetbra-ded4f9dc4fcb60294b21669dafa90330f2713ce4\jetbra\vmoptions\clion.vmoptions, ehcache3.version=3.9.10, junit.version=4.13.2, java.vm.specification.version=1.8, kafka.version=3.0.2, env.PROMPT=$P$G, java.vendor=Oracle Corporation, spring-session-bom.version=2021.1.3, hamcrest.version=2.2, spring-restdocs.version=2.0.6.RELEASE, file.separator=\, flyway.version=8.0.5, antlr2.version=2.7.7, env.PYCHARM_VM_OPTIONS=D:\85970\Files\Programming\jetbra-ded4f9dc4fcb60294b21669dafa90330f2713ce4\jetbra\vmoptions\pycharm.vmoptions, user.variant=, unboundid-ldapsdk.version=4.0.14, jakarta-xml-soap.version=1.4.2, atomikos.version=4.0.6, glassfish-jaxb.version=2.3.7, jolokia.version=1.7.1, env.WINDIR=C:\WINDOWS, sun.java.launcher=SUN_STANDARD, mockito.version=4.0.0, spring-ldap.version=2.3.8.RELEASE, maven-antrun-plugin.version=3.0.0, commons-pool2.version=2.11.1, java.library.path=C:\Program Files\Java\jdk-1.8\bin;C:\WINDOWS\Sun\Java\bin;C:\WINDOWS\system32;C:\WINDOWS;D:\85970\Files\Programming\VMware\VMware Workstation\bin\;C:\WINDOWS\system32;C:\WINDOWS;C:\WINDOWS\System32\Wbem;C:\WINDOWS\System32\WindowsPowerShell\v1.0\;C:\WINDOWS\System32\OpenSSH\;C:\Program Files\Java\jdk-1.8\jre\bin;C:\Program Files\Java\jdk-1.8\bin;D:\85970\Files\Programming\Maven\apache-maven-3.8.8\bin;C:\Program Files (x86)\NVIDIA Corporation\PhysX\Common;C:\Program Files\NVIDIA Corporation\NVIDIA NvDLISR;D:\85970\Files\Programming\anaconda3;D:\85970\Files\Programming\anaconda3\Scripts;D:\85970\Files\Programming\anaconda3\Library\lib;D:\85970\Files\Programming\anaconda3\Library\mingw-w64\bin;D:\85970\Files\Programming\Xshell 8\;C:\Program Files\dotnet\;C:\Program Files\Git\cmd;C:\Program Files\mingw64\bin;C:\Program Files\nodejs\;D:\85970\Files\Tools\mpv;C:\Program Files (x86)\Microsoft Visual Studio\2022\BuildTools\VC\Tools\MSVC\14.43.34808\bin\Hostx64\x64;C:\Program Files\Common Files\Oracle\Java\javapath;C:\Users\85970\AppData\Local\Microsoft\WindowsApps;D:\85970\Files\Programming\JetBrains\IntelliJ IDEA 2024.1.7\bin;;D:\85970\Files\Programming\Microsoft VS Code\bin;D:\85970\Files\Programming\JetBrains\PyCharm 2024.1.7\bin;;C:\Users\85970\AppData\Roaming\npm;C:\Users\85970\AppData\Local\GitHubDesktop\bin;C:\Users\85970\AppData\Local\Programs\cursor\resources\app\bin;., env.DATASPELL_VM_OPTIONS=D:\85970\Files\Programming\jetbra-ded4f9dc4fcb60294b21669dafa90330f2713ce4\jetbra\vmoptions\dataspell.vmoptions, glassfish-el.version=3.0.4, classworlds.conf=D:\85970\Files\Programming\Maven\apache-maven-3.8.8\bin\m2.conf, jmustache.version=1.15, quartz.version=2.3.2, project.build.sourceEncoding=UTF-8, sun.arch.data.model=64, micrometer.version=1.8.11, junit-jupiter.version=5.8.2, env.TERMINAL_EMULATOR=JetBrains-JediTerm, env.PATH=D:\85970\Files\Programming\VMware\VMware Workstation\bin\;C:\WINDOWS\system32;C:\WINDOWS;C:\WINDOWS\System32\Wbem;C:\WINDOWS\System32\WindowsPowerShell\v1.0\;C:\WINDOWS\System32\OpenSSH\;C:\Program Files\Java\jdk-1.8\jre\bin;C:\Program Files\Java\jdk-1.8\bin;D:\85970\Files\Programming\Maven\apache-maven-3.8.8\bin;C:\Program Files (x86)\NVIDIA Corporation\PhysX\Common;C:\Program Files\NVIDIA Corporation\NVIDIA NvDLISR;D:\85970\Files\Programming\anaconda3;D:\85970\Files\Programming\anaconda3\Scripts;D:\85970\Files\Programming\anaconda3\Library\lib;D:\85970\Files\Programming\anaconda3\Library\mingw-w64\bin;D:\85970\Files\Programming\Xshell 8\;C:\Program Files\dotnet\;C:\Program Files\Git\cmd;C:\Program Files\mingw64\bin;C:\Program Files\nodejs\;D:\85970\Files\Tools\mpv;C:\Program Files (x86)\Microsoft Visual Studio\2022\BuildTools\VC\Tools\MSVC\14.43.34808\bin\Hostx64\x64;C:\Program Files\Common Files\Oracle\Java\javapath;C:\Users\85970\AppData\Local\Microsoft\WindowsApps;D:\85970\Files\Programming\JetBrains\IntelliJ IDEA 2024.1.7\bin;;D:\85970\Files\Programming\Microsoft VS Code\bin;D:\85970\Files\Programming\JetBrains\PyCharm 2024.1.7\bin;;C:\Users\85970\AppData\Roaming\npm;C:\Users\85970\AppData\Local\GitHubDesktop\bin;C:\Users\85970\AppData\Local\Programs\cursor\resources\app\bin, path.separator=;, git-commit-id-plugin.version=4.9.10, env.USERDOMAIN=YueQi, sun.io.unicode.encoding=UnicodeLittle, env.=D:=D:\85970\Files\ProgrammingFiles\GitProject\Accounting System\server, maven-invoker-plugin.version=3.2.2, httpcore.version=4.4.15, env.PROGRAMW6432=C:\Program Files, xml-maven-plugin.version=1.0.2, user.language=zh, jaybird.version=4.0.6.java8, johnzon.version=1.2.19, jakarta-persistence.version=2.2.3, appengine-sdk.version=1.9.98, env.JAVA17_HOME=C:\Program Files\Java\jdk-17, maven.compiler.source=1.8, java.class.version=52.0, lettuce.version=6.1.10.RELEASE, couchbase-client.version=3.2.7, jakarta-ws-rs.version=2.1.6, jboss-logging.version=3.4.3.Final, maven-javadoc-plugin.version=3.3.2, jakarta-servlet.version=4.0.4, mariadb.version=2.7.6, jooq.version=3.14.16, file.encoding.pkg=sun.io, sun.cpu.endian=little, env.COMPUTERNAME=YUEQI, maven.compiler.target=1.8, cassandra-driver.version=4.13.0, env.LOGONSERVER=\\YUEQI, jakarta-annotation.version=1.3.5, env.IDEA_INITIAL_DIRECTORY=C:\WINDOWS\system32, groovy.version=3.0.13, java.home=C:\Program Files\Java\jdk-1.8\jre, jetty-el.version=9.0.52, spring-batch.version=4.3.7, javax-activation.version=1.2.0, maven.home=D:\85970\Files\Programming\Maven\apache-maven-3.8.8, rxjava-adapter.version=1.2.1, jakarta-jms.version=2.0.3, env.JETBRAINSCLIENT_VM_OPTIONS=D:\85970\Files\Programming\jetbra-ded4f9dc4fcb60294b21669dafa90330f2713ce4\jetbra\vmoptions\jetbrainsclient.vmoptions, commons-lang3.version=3.12.0, maven-shade-plugin.version=3.2.4, maven-enforcer-plugin.version=3.0.0, commons-pool.version=1.6, env.NUMBER_OF_PROCESSORS=32, maven-war-plugin.version=3.3.2, httpasyncclient.version=4.1.5, pooled-jms.version=1.2.4, javax-persistence.version=2.2, rxjava.version=1.3.8, env.INTELLIJ IDEA=D:\85970\Files\Programming\JetBrains\IntelliJ IDEA 2024.1.7\bin;, thymeleaf-extras-springsecurity.version=3.0.4.RELEASE, commons-dbcp2.version=2.9.0, maven-failsafe-plugin.version=2.22.2, xmlunit2.version=2.8.4, liquibase.version=4.5.0, sun.management.compiler=HotSpot 64-Bit Tiered Compilers, wsdl4j.version=1.6.3, jakarta-websocket.version=1.1.2, library.jansi.path=D:\85970\Files\Programming\Maven\apache-maven-3.8.8\lib\jansi-native, json-path.version=2.6.0, jsonassert.version=1.5.1, hazelcast.version=4.2.5, env.PUBLIC=C:\Users\Public, env.EFC_11132_1592913036=1, javax-transaction.version=1.3, h2.version=1.4.200, kotlin-coroutines.version=1.5.2, spring-retry.version=1.3.4, spring-boot.version=2.6.13, maven-clean-plugin.version=3.1.0, java.vm.specification.vendor=Oracle Corporation, dropwizard-metrics.version=4.2.12, java.vm.name=Java HotSpot(TM) 64-Bit Server VM, env.STUDIO_VM_OPTIONS=D:\85970\Files\Programming\jetbra-ded4f9dc4fcb60294b21669dafa90330f2713ce4\jetbra\vmoptions\studio.vmoptions, jakarta-mail.version=1.6.7, java.io.tmpdir=C:\Users\85970\AppData\Local\Temp\, java.vendor.url=http://java.oracle.com/, lombok.version=1.18.24, javax-jsonb.version=1.0, jakarta-servlet-jsp-jstl.version=1.2.7, sun.boot.library.path=C:\Program Files\Java\jdk-1.8\jre\bin, jetty-reactive-httpclient.version=1.1.13, derby.version=10.14.2.0, env.MAVEN_HOME=D:\85970\Files\Programming\Maven\apache-maven-3.8.8, gson.version=2.8.9, env.SESSIONNAME=Console, javax-jms.version=2.0.1, httpclient5.version=5.1.3, spring-security.version=5.6.8, httpcore5.version=5.1.4, java.runtime.name=Java(TM) SE Runtime Environment, javax-websocket.version=1.1, maven-resources-plugin.version=3.2.0, maven.conf=D:\85970\Files\Programming\Maven\apache-maven-3.8.8/conf, assertj.version=3.21.0, jakarta-json.version=1.1.6, sun.cpu.isalist=amd64, sun.stderr.encoding=ms936, spring-amqp.version=2.4.7, hibernate-validator.version=6.2.5.Final, maven.multiModuleProjectDirectory=D:\85970\Files\ProgrammingFiles\GitProject\Accounting System\server, env.ALLUSERSPROFILE=C:\ProgramData, commons-codec.version=1.15, user.home=C:\Users\85970, env.JAVA_HOME=C:\Program Files\Java\jdk-1.8, mongodb.version=4.4.2, env.PROCESSOR_REVISION=6102, java.specification.name=Java Platform API Specification, env.COMMONPROGRAMW6432=C:\Program Files\Common Files, logback.version=1.2.11, env.ONEDRIVE=C:\Users\85970\OneDrive, env.PROGRAMDATA=C:\ProgramData, env.CLASSPATH=.;%JAVA_HOME%\lib;%JAVA_HOME%\lib\tools.jar, java.specification.vendor=Oracle Corporation, maven-help-plugin.version=3.2.0, env.PHPSTORM_VM_OPTIONS=D:\85970\Files\Programming\jetbra-ded4f9dc4fcb60294b21669dafa90330f2713ce4\jetbra\vmoptions\phpstorm.vmoptions, rabbit-amqp-client.version=5.13.1, java.version=1.8.0_421, neo4j-java-driver.version=4.4.9, thymeleaf.version=3.0.15.RELEASE, env.PROGRAMFILES=C:\Program Files, embedded-mongo.version=3.0.0, json-smart.version=2.4.8, postgresql.version=42.3.7, hsqldb.version=2.5.2, spring-data-bom.version=2021.1.9, env.RUBYMINE_VM_OPTIONS=D:\85970\Files\Programming\jetbra-ded4f9dc4fcb60294b21669dafa90330f2713ce4\jetbra\vmoptions\rubymine.vmoptions, env.JETBRAINS_CLIENT_VM_OPTIONS=D:\85970\Files\Programming\jetbra-ded4f9dc4fcb60294b21669dafa90330f2713ce4\jetbra\vmoptions\jetbrains_client.vmoptions, env.EXEC_DIR=D:\85970\Files\ProgrammingFiles\GitProject\Accounting System\server, hazelcast-hibernate5.version=2.2.1, javax-mail.version=1.6.2, env.PROCESSOR_LEVEL=25, env.COMMONPROGRAMFILES(X86)=C:\Program Files (x86)\Common Files, env.MAVEN_PROJECTBASEDIR=D:\85970\Files\ProgrammingFiles\GitProject\Accounting System\server, maven.build.timestamp=2025-05-10T18:04:44Z, jersey.version=2.35, jakarta-validation.version=2.0.2, line.separator=
, java.specification.version=1.8, java.vm.info=mixed mode, env.HOMEDRIVE=C:, javax-annotation.version=1.3.2, sun.boot.class.path=C:\Program Files\Java\jdk-1.8\jre\lib\resources.jar;C:\Program Files\Java\jdk-1.8\jre\lib\rt.jar;C:\Program Files\Java\jdk-1.8\jre\lib\jsse.jar;C:\Program Files\Java\jdk-1.8\jre\lib\jce.jar;C:\Program Files\Java\jdk-1.8\jre\lib\charsets.jar;C:\Program Files\Java\jdk-1.8\jre\lib\jfr.jar;C:\Program Files\Java\jdk-1.8\jre\classes, build-helper-maven-plugin.version=3.2.0, javax-json.version=1.1.4, maven-deploy-plugin.version=2.8.2, jetty-jsp.version=2.2.0.v201112011158, env.APPDATA=C:\Users\85970\AppData\Roaming, env.DRIVERDATA=C:\Windows\System32\Drivers\DriverData, infinispan.version=12.1.12.Final, jakarta-management.version=1.1.4, env.PATHEXT=.COM;.EXE;.BAT;.CMD;.VBS;.VBE;.JS;.JSE;.WSF;.WSH;.MSC;.CPL, nekohtml.version=1.9.22, env.JAVA21_HOME=C:\Program Files\Java\jdk-21, jakarta-activation.version=1.2.2, env.GOLAND_VM_OPTIONS=D:\85970\Files\Programming\jetbra-ded4f9dc4fcb60294b21669dafa90330f2713ce4\jetbra\vmoptions\goland.vmoptions, env.COMSPEC=C:\WINDOWS\system32\cmd.exe, java.awt.printerjob=sun.awt.windows.WPrinterJob, jstl.version=1.2, sun.jnu.encoding=GBK, hibernate.version=5.6.12.Final, javax-money.version=1.1, env.PYCHARM=D:\85970\Files\Programming\JetBrains\PyCharm 2024.1.7\bin;, java.runtime.version=1.8.0_421-b09, sendgrid.version=4.7.6, reactive-streams.version=1.0.4, maven.build.version=Apache Maven 3.8.8 (4c87b05d9aedce574290d1acc98575ed5eb6cd39), user.timezone=, openapi-generator.version=5.4.0, reactor-bom.version=2020.0.24, resource.delimiter=@, glassfish-jstl.version=1.2.6, mysql.version=8.0.31, netty-tcnative.version=2.0.54.Final, env.PSMODULEPATH=C:\Users\85970\Documents\WindowsPowerShell\Modules;C:\Program Files\WindowsPowerShell\Modules;C:\WINDOWS\system32\WindowsPowerShell\v1.0\Modules, hikaricp.version=4.0.3, rabbit-stream-client.version=0.4.0, spring-hateoas.version=1.4.5, env.MAVEN_CMD_LINE_ARGS=clean compile -X, java.ext.dirs=C:\Program Files\Java\jdk-1.8\jre\lib\ext;C:\WINDOWS\Sun\Java\lib\ext, env.IDEA_VM_OPTIONS=D:\85970\Files\Programming\jetbra-ded4f9dc4fcb60294b21669dafa90330f2713ce4\jetbra\vmoptions\idea.vmoptions, caffeine.version=2.9.3, javax-jaxb.version=2.3.1, awaitility.version=4.1.1, spring-integration.version=5.5.15, java.class.path=D:\85970\Files\Programming\Maven\apache-maven-3.8.8\boot\plexus-classworlds-2.6.0.jar, maven-jar-plugin.version=3.2.2, springdoc.version=1.6.4, env.USERNAME=85970, rest-assured.version=4.4.0, os.version=10.0, thymeleaf-layout-dialect.version=3.0.0, env.HOMEPATH=\Users\85970, sqlite-jdbc.version=3.36.0.3, sun.desktop=windows, classmate.version=1.5.1, javax-cache.version=1.1.1, env.TERM_SESSION_ID=5503a050-cfe6-4298-b5e7-b018a2b544dc, jedis.version=3.7.1, java.awt.graphicsenv=sun.awt.Win32GraphicsEnvironment, maven-compiler-plugin.version=3.8.1, java.vm.vendor=Oracle Corporation, maven-assembly-plugin.version=3.3.0, spring-framework.version=5.3.23, freemarker.version=2.3.31, elasticsearch.version=7.15.2, thymeleaf-extras-data-attribute.version=2.0.1, jakarta-xml-ws.version=2.3.3, env.SYSTEMDRIVE=C:, env.GATEWAY_VM_OPTIONS=D:\85970\Files\Programming\jetbra-ded4f9dc4fcb60294b21669dafa90330f2713ce4\jetbra\vmoptions\gateway.vmoptions, dependency-management-plugin.version=1.0.15.RELEASE, env.CLASSWORLDS_LAUNCHER=org.codehaus.plexus.classworlds.launcher.Launcher, user.script=, selenium-htmlunit.version=2.54.0, webjars-locator-core.version=0.48, sun-mail.version=1.6.7, artemis.version=2.19.1, maven-surefire-plugin.version=2.22.2, jtds.version=1.3.1, env.PROGRAMFILES(X86)=C:\Program Files (x86), env.SYSTEMROOT=C:\WINDOWS, spring-ws.version=3.1.3, file.encoding=GBK, awt.toolkit=sun.awt.windows.WToolkit}
[INFO] Using 'UTF-8' encoding to copy filtered resources.
[INFO] Using 'UTF-8' encoding to copy filtered properties files.
[DEBUG] resource with targetPath null
directory D:\85970\Files\ProgrammingFiles\GitProject\Accounting System\server\src\main\resources
excludes []
includes [**/application*.yml, **/application*.yaml, **/application*.properties]
[DEBUG] ignoreDelta true
[INFO] Copying 1 resource
[DEBUG] Copying file application.yml
[DEBUG] file application.yml has a filtered file extension
[DEBUG] Using 'UTF-8' encoding to copy filtered resource 'application.yml'.
[DEBUG] filtering D:\85970\Files\ProgrammingFiles\GitProject\Accounting System\server\src\main\resources\application.yml to D:\85970\Files\ProgrammingFiles\GitProject\Accounting System\server\target\classes\application.yml
[DEBUG] resource with targetPath null
directory D:\85970\Files\ProgrammingFiles\GitProject\Accounting System\server\src\main\resources
excludes [**/application*.yml, **/application*.yaml, **/application*.properties]
includes []
[DEBUG] ignoreDelta true
[INFO] Copying 3 resources
[DEBUG] Copying file db\schema.sql
[DEBUG] file schema.sql has a filtered file extension
[DEBUG] Using 'UTF-8' encoding to copy filtered resource 'schema.sql'.
[DEBUG] copy D:\85970\Files\ProgrammingFiles\GitProject\Accounting System\server\src\main\resources\db\schema.sql to D:\85970\Files\ProgrammingFiles\GitProject\Accounting System\server\target\classes\db\schema.sql
[DEBUG] Copying file openapi\family_accounting_openapi.yaml
[DEBUG] file family_accounting_openapi.yaml has a filtered file extension
[DEBUG] Using 'UTF-8' encoding to copy filtered resource 'family_accounting_openapi.yaml'.
[DEBUG] copy D:\85970\Files\ProgrammingFiles\GitProject\Accounting System\server\src\main\resources\openapi\family_accounting_openapi.yaml to D:\85970\Files\ProgrammingFiles\GitProject\Accounting System\server\target\classes\openapi\family_accounting_openapi.yaml
[DEBUG] Copying file static\index.html
[DEBUG] file index.html has a filtered file extension
[DEBUG] Using 'UTF-8' encoding to copy filtered resource 'index.html'.
[DEBUG] copy D:\85970\Files\ProgrammingFiles\GitProject\Accounting System\server\src\main\resources\static\index.html to D:\85970\Files\ProgrammingFiles\GitProject\Accounting System\server\target\classes\static\index.html
[DEBUG] no use filter components
[INFO] 
[INFO] --- maven-compiler-plugin:3.8.1:compile (default-compile) @ openapi-spring ---
[DEBUG] Dependency collection stats {ConflictMarker.analyzeTime=136400, ConflictMarker.markTime=30900, ConflictMarker.nodeCount=118, ConflictIdSorter.graphTime=16000, ConflictIdSorter.topsortTime=22200, ConflictIdSorter.conflictIdCount=45, ConflictIdSorter.conflictIdCycleCount=0, ConflictResolver.totalTime=250500, ConflictResolver.conflictItemCount=72, DefaultDependencyCollector.collectTime=39673000, DefaultDependencyCollector.transformTime=471900}
[DEBUG] org.apache.maven.plugins:maven-compiler-plugin:jar:3.8.1
[DEBUG]    org.apache.maven:maven-plugin-api:jar:3.0:compile
[DEBUG]       org.apache.maven:maven-model:jar:3.0:compile
[DEBUG]       org.sonatype.sisu:sisu-inject-plexus:jar:1.4.2:compile
[DEBUG]          org.sonatype.sisu:sisu-inject-bean:jar:1.4.2:compile
[DEBUG]             org.sonatype.sisu:sisu-guice:jar:noaop:2.1.7:compile
[DEBUG]    org.apache.maven:maven-artifact:jar:3.0:compile
[DEBUG]       org.codehaus.plexus:plexus-utils:jar:2.0.4:compile
[DEBUG]    org.apache.maven:maven-core:jar:3.0:compile
[DEBUG]       org.apache.maven:maven-settings:jar:3.0:compile
[DEBUG]       org.apache.maven:maven-settings-builder:jar:3.0:compile
[DEBUG]       org.apache.maven:maven-repository-metadata:jar:3.0:compile
[DEBUG]       org.apache.maven:maven-model-builder:jar:3.0:compile
[DEBUG]       org.apache.maven:maven-aether-provider:jar:3.0:runtime
[DEBUG]       org.sonatype.aether:aether-impl:jar:1.7:compile
[DEBUG]          org.sonatype.aether:aether-spi:jar:1.7:compile
[DEBUG]       org.sonatype.aether:aether-api:jar:1.7:compile
[DEBUG]       org.sonatype.aether:aether-util:jar:1.7:compile
[DEBUG]       org.codehaus.plexus:plexus-interpolation:jar:1.14:compile
[DEBUG]       org.codehaus.plexus:plexus-classworlds:jar:2.2.3:compile
[DEBUG]       org.codehaus.plexus:plexus-component-annotations:jar:1.7.1:compile (version managed from default)
[DEBUG]       org.sonatype.plexus:plexus-sec-dispatcher:jar:1.3:compile
[DEBUG]          org.sonatype.plexus:plexus-cipher:jar:1.4:compile
[DEBUG]    org.apache.maven.shared:maven-shared-utils:jar:3.2.1:compile
[DEBUG]       commons-io:commons-io:jar:2.5:compile
[DEBUG]    org.apache.maven.shared:maven-shared-incremental:jar:1.1:compile
[DEBUG]    org.codehaus.plexus:plexus-java:jar:0.9.10:compile
[DEBUG]       org.ow2.asm:asm:jar:6.2:compile
[DEBUG]       com.thoughtworks.qdox:qdox:jar:2.0-M9:compile (version managed from default)
[DEBUG]    org.codehaus.plexus:plexus-compiler-api:jar:2.8.4:compile
[DEBUG]    org.codehaus.plexus:plexus-compiler-manager:jar:2.8.4:compile
[DEBUG]    org.codehaus.plexus:plexus-compiler-javac:jar:2.8.4:runtime
[DEBUG] Created new class realm plugin>org.apache.maven.plugins:maven-compiler-plugin:3.8.1
[DEBUG] Importing foreign packages into class realm plugin>org.apache.maven.plugins:maven-compiler-plugin:3.8.1
[DEBUG]   Imported:  < maven.api
[DEBUG] Populating class realm plugin>org.apache.maven.plugins:maven-compiler-plugin:3.8.1
[DEBUG]   Included: org.apache.maven.plugins:maven-compiler-plugin:jar:3.8.1
[DEBUG]   Included: org.sonatype.sisu:sisu-inject-bean:jar:1.4.2
[DEBUG]   Included: org.sonatype.sisu:sisu-guice:jar:noaop:2.1.7
[DEBUG]   Included: org.codehaus.plexus:plexus-utils:jar:2.0.4
[DEBUG]   Included: org.sonatype.aether:aether-util:jar:1.7
[DEBUG]   Included: org.codehaus.plexus:plexus-interpolation:jar:1.14
[DEBUG]   Included: org.codehaus.plexus:plexus-component-annotations:jar:1.7.1
[DEBUG]   Included: org.sonatype.plexus:plexus-sec-dispatcher:jar:1.3
[DEBUG]   Included: org.sonatype.plexus:plexus-cipher:jar:1.4
[DEBUG]   Included: org.apache.maven.shared:maven-shared-utils:jar:3.2.1
[DEBUG]   Included: commons-io:commons-io:jar:2.5
[DEBUG]   Included: org.apache.maven.shared:maven-shared-incremental:jar:1.1
[DEBUG]   Included: org.codehaus.plexus:plexus-java:jar:0.9.10
[DEBUG]   Included: org.ow2.asm:asm:jar:6.2
[DEBUG]   Included: com.thoughtworks.qdox:qdox:jar:2.0-M9
[DEBUG]   Included: org.codehaus.plexus:plexus-compiler-api:jar:2.8.4
[DEBUG]   Included: org.codehaus.plexus:plexus-compiler-manager:jar:2.8.4
[DEBUG]   Included: org.codehaus.plexus:plexus-compiler-javac:jar:2.8.4
[DEBUG] Loading mojo org.apache.maven.plugins:maven-compiler-plugin:3.8.1:compile from plugin realm ClassRealm[plugin>org.apache.maven.plugins:maven-compiler-plugin:3.8.1, parent: sun.misc.Launcher$AppClassLoader@45fe3ee3]
[DEBUG] Configuring mojo execution 'org.apache.maven.plugins:maven-compiler-plugin:3.8.1:compile:default-compile' with basic configurator -->
[DEBUG]   (s) groupId = org.mapstruct
[DEBUG]   (s) artifactId = mapstruct-processor
[DEBUG]   (s) version = 1.5.5.Final
[DEBUG]   (s) groupId = org.projectlombok
[DEBUG]   (s) artifactId = lombok
[DEBUG]   (s) version = 1.18.24
[DEBUG]   (s) groupId = org.projectlombok
[DEBUG]   (s) artifactId = lombok-mapstruct-binding
[DEBUG]   (s) version = 0.2.0
[DEBUG]   (f) annotationProcessorPaths = [org.mapstruct:mapstruct-processor:1.5.5.Final.jar, org.projectlombok:lombok:1.18.24.jar, org.projectlombok:lombok-mapstruct-binding:0.2.0.jar]
[DEBUG]   (f) basedir = D:\85970\Files\ProgrammingFiles\GitProject\Accounting System\server
[DEBUG]   (f) buildDirectory = D:\85970\Files\ProgrammingFiles\GitProject\Accounting System\server\target
[DEBUG]   (f) compilePath = [D:\85970\Files\ProgrammingFiles\GitProject\Accounting System\server\target\classes, D:\85970\Files\Programming\Maven\apache-maven-3.8.8\repository\org\mybatis\spring\boot\mybatis-spring-boot-starter\1.2.0\mybatis-spring-boot-starter-1.2.0.jar, D:\85970\Files\Programming\Maven\apache-maven-3.8.8\repository\org\springframework\boot\spring-boot-starter\2.6.13\spring-boot-starter-2.6.13.jar, D:\85970\Files\Programming\Maven\apache-maven-3.8.8\repository\org\springframework\boot\spring-boot\2.6.13\spring-boot-2.6.13.jar, D:\85970\Files\Programming\Maven\apache-maven-3.8.8\repository\org\springframework\boot\spring-boot-starter-logging\2.6.13\spring-boot-starter-logging-2.6.13.jar, D:\85970\Files\Programming\Maven\apache-maven-3.8.8\repository\ch\qos\logback\logback-classic\1.2.11\logback-classic-1.2.11.jar, D:\85970\Files\Programming\Maven\apache-maven-3.8.8\repository\ch\qos\logback\logback-core\1.2.11\logback-core-1.2.11.jar, D:\85970\Files\Programming\Maven\apache-maven-3.8.8\repository\org\apache\logging\log4j\log4j-to-slf4j\2.17.2\log4j-to-slf4j-2.17.2.jar, D:\85970\Files\Programming\Maven\apache-maven-3.8.8\repository\org\apache\logging\log4j\log4j-api\2.17.2\log4j-api-2.17.2.jar, D:\85970\Files\Programming\Maven\apache-maven-3.8.8\repository\org\slf4j\jul-to-slf4j\1.7.36\jul-to-slf4j-1.7.36.jar, D:\85970\Files\Programming\Maven\apache-maven-3.8.8\repository\jakarta\annotation\jakarta.annotation-api\1.3.5\jakarta.annotation-api-1.3.5.jar, D:\85970\Files\Programming\Maven\apache-maven-3.8.8\repository\org\springframework\boot\spring-boot-starter-jdbc\2.6.13\spring-boot-starter-jdbc-2.6.13.jar, D:\85970\Files\Programming\Maven\apache-maven-3.8.8\repository\com\zaxxer\HikariCP\4.0.3\HikariCP-4.0.3.jar, D:\85970\Files\Programming\Maven\apache-maven-3.8.8\repository\org\springframework\spring-jdbc\5.3.23\spring-jdbc-5.3.23.jar, D:\85970\Files\Programming\Maven\apache-maven-3.8.8\repository\org\mybatis\spring\boot\mybatis-spring-boot-autoconfigure\1.2.0\mybatis-spring-boot-autoconfigure-1.2.0.jar, D:\85970\Files\Programming\Maven\apache-maven-3.8.8\repository\org\mybatis\mybatis\3.4.2\mybatis-3.4.2.jar, D:\85970\Files\Programming\Maven\apache-maven-3.8.8\repository\org\mybatis\mybatis-spring\1.3.1\mybatis-spring-1.3.1.jar, D:\85970\Files\Programming\Maven\apache-maven-3.8.8\repository\org\springframework\security\spring-security-core\5.6.8\spring-security-core-5.6.8.jar, D:\85970\Files\Programming\Maven\apache-maven-3.8.8\repository\org\springframework\security\spring-security-crypto\5.6.8\spring-security-crypto-5.6.8.jar, D:\85970\Files\Programming\Maven\apache-maven-3.8.8\repository\org\springframework\spring-context\5.3.23\spring-context-5.3.23.jar, D:\85970\Files\Programming\Maven\apache-maven-3.8.8\repository\org\springframework\spring-expression\5.3.23\spring-expression-5.3.23.jar, D:\85970\Files\Programming\Maven\apache-maven-3.8.8\repository\org\springframework\security\spring-security-web\5.6.8\spring-security-web-5.6.8.jar, D:\85970\Files\Programming\Maven\apache-maven-3.8.8\repository\org\springframework\spring-core\5.3.23\spring-core-5.3.23.jar, D:\85970\Files\Programming\Maven\apache-maven-3.8.8\repository\org\springframework\spring-jcl\5.3.23\spring-jcl-5.3.23.jar, D:\85970\Files\Programming\Maven\apache-maven-3.8.8\repository\io\jsonwebtoken\jjwt\0.9.1\jjwt-0.9.1.jar, D:\85970\Files\Programming\Maven\apache-maven-3.8.8\repository\org\springframework\boot\spring-boot-starter-security\2.6.13\spring-boot-starter-security-2.6.13.jar, D:\85970\Files\Programming\Maven\apache-maven-3.8.8\repository\org\springframework\spring-aop\5.3.23\spring-aop-5.3.23.jar, D:\85970\Files\Programming\Maven\apache-maven-3.8.8\repository\org\springframework\security\spring-security-config\5.6.8\spring-security-config-5.6.8.jar, D:\85970\Files\Programming\Maven\apache-maven-3.8.8\repository\org\slf4j\slf4j-api\1.7.36\slf4j-api-1.7.36.jar, D:\85970\Files\Programming\Maven\apache-maven-3.8.8\repository\jakarta\xml\bind\jakarta.xml.bind-api\2.3.3\jakarta.xml.bind-api-2.3.3.jar, D:\85970\Files\Programming\Maven\apache-maven-3.8.8\repository\jakarta\activation\jakarta.activation-api\1.2.2\jakarta.activation-api-1.2.2.jar, D:\85970\Files\Programming\Maven\apache-maven-3.8.8\repository\net\bytebuddy\byte-buddy\1.11.22\byte-buddy-1.11.22.jar, D:\85970\Files\Programming\Maven\apache-maven-3.8.8\repository\org\mapstruct\mapstruct\1.5.5.Final\mapstruct-1.5.5.Final.jar, D:\85970\Files\Programming\Maven\apache-maven-3.8.8\repository\org\mapstruct\mapstruct-processor\1.5.5.Final\mapstruct-processor-1.5.5.Final.jar, D:\85970\Files\Programming\Maven\apache-maven-3.8.8\repository\org\springframework\boot\spring-boot-starter-data-jpa\2.6.13\spring-boot-starter-data-jpa-2.6.13.jar, D:\85970\Files\Programming\Maven\apache-maven-3.8.8\repository\org\springframework\boot\spring-boot-starter-aop\2.6.13\spring-boot-starter-aop-2.6.13.jar, D:\85970\Files\Programming\Maven\apache-maven-3.8.8\repository\org\aspectj\aspectjweaver\1.9.7\aspectjweaver-1.9.7.jar, D:\85970\Files\Programming\Maven\apache-maven-3.8.8\repository\jakarta\transaction\jakarta.transaction-api\1.3.3\jakarta.transaction-api-1.3.3.jar, D:\85970\Files\Programming\Maven\apache-maven-3.8.8\repository\jakarta\persistence\jakarta.persistence-api\2.2.3\jakarta.persistence-api-2.2.3.jar, D:\85970\Files\Programming\Maven\apache-maven-3.8.8\repository\org\hibernate\hibernate-core\5.6.12.Final\hibernate-core-5.6.12.Final.jar, D:\85970\Files\Programming\Maven\apache-maven-3.8.8\repository\org\jboss\logging\jboss-logging\3.4.3.Final\jboss-logging-3.4.3.Final.jar, D:\85970\Files\Programming\Maven\apache-maven-3.8.8\repository\antlr\antlr\2.7.7\antlr-2.7.7.jar, D:\85970\Files\Programming\Maven\apache-maven-3.8.8\repository\org\jboss\jandex\2.4.2.Final\jandex-2.4.2.Final.jar, D:\85970\Files\Programming\Maven\apache-maven-3.8.8\repository\com\fasterxml\classmate\1.5.1\classmate-1.5.1.jar, D:\85970\Files\Programming\Maven\apache-maven-3.8.8\repository\org\hibernate\common\hibernate-commons-annotations\5.1.2.Final\hibernate-commons-annotations-5.1.2.Final.jar, D:\85970\Files\Programming\Maven\apache-maven-3.8.8\repository\org\glassfish\jaxb\jaxb-runtime\2.3.7\jaxb-runtime-2.3.7.jar, D:\85970\Files\Programming\Maven\apache-maven-3.8.8\repository\org\glassfish\jaxb\txw2\2.3.7\txw2-2.3.7.jar, D:\85970\Files\Programming\Maven\apache-maven-3.8.8\repository\com\sun\istack\istack-commons-runtime\3.0.12\istack-commons-runtime-3.0.12.jar, D:\85970\Files\Programming\Maven\apache-maven-3.8.8\repository\org\springframework\data\spring-data-jpa\2.6.9\spring-data-jpa-2.6.9.jar, D:\85970\Files\Programming\Maven\apache-maven-3.8.8\repository\org\springframework\spring-orm\5.3.23\spring-orm-5.3.23.jar, D:\85970\Files\Programming\Maven\apache-maven-3.8.8\repository\org\springframework\spring-tx\5.3.23\spring-tx-5.3.23.jar, D:\85970\Files\Programming\Maven\apache-maven-3.8.8\repository\org\springframework\spring-aspects\5.3.23\spring-aspects-5.3.23.jar, D:\85970\Files\Programming\Maven\apache-maven-3.8.8\repository\com\alibaba\druid-spring-boot-starter\1.2.14\druid-spring-boot-starter-1.2.14.jar, D:\85970\Files\Programming\Maven\apache-maven-3.8.8\repository\com\alibaba\druid\1.2.14\druid-1.2.14.jar, D:\85970\Files\Programming\Maven\apache-maven-3.8.8\repository\org\springframework\boot\spring-boot-autoconfigure\2.6.13\spring-boot-autoconfigure-2.6.13.jar, D:\85970\Files\Programming\Maven\apache-maven-3.8.8\repository\org\projectlombok\lombok\1.18.24\lombok-1.18.24.jar, D:\85970\Files\Programming\Maven\apache-maven-3.8.8\repository\com\mysql\mysql-connector-j\8.0.31\mysql-connector-j-8.0.31.jar, D:\85970\Files\Programming\Maven\apache-maven-3.8.8\repository\org\springframework\boot\spring-boot-starter-web\2.6.13\spring-boot-starter-web-2.6.13.jar, D:\85970\Files\Programming\Maven\apache-maven-3.8.8\repository\org\springframework\boot\spring-boot-starter-json\2.6.13\spring-boot-starter-json-2.6.13.jar, D:\85970\Files\Programming\Maven\apache-maven-3.8.8\repository\com\fasterxml\jackson\datatype\jackson-datatype-jdk8\2.13.4\jackson-datatype-jdk8-2.13.4.jar, D:\85970\Files\Programming\Maven\apache-maven-3.8.8\repository\com\fasterxml\jackson\module\jackson-module-parameter-names\2.13.4\jackson-module-parameter-names-2.13.4.jar, D:\85970\Files\Programming\Maven\apache-maven-3.8.8\repository\org\springframework\boot\spring-boot-starter-tomcat\2.6.13\spring-boot-starter-tomcat-2.6.13.jar, D:\85970\Files\Programming\Maven\apache-maven-3.8.8\repository\org\apache\tomcat\embed\tomcat-embed-core\9.0.68\tomcat-embed-core-9.0.68.jar, D:\85970\Files\Programming\Maven\apache-maven-3.8.8\repository\org\apache\tomcat\embed\tomcat-embed-websocket\9.0.68\tomcat-embed-websocket-9.0.68.jar, D:\85970\Files\Programming\Maven\apache-maven-3.8.8\repository\org\springframework\spring-web\5.3.23\spring-web-5.3.23.jar, D:\85970\Files\Programming\Maven\apache-maven-3.8.8\repository\org\springframework\spring-webmvc\5.3.23\spring-webmvc-5.3.23.jar, D:\85970\Files\Programming\Maven\apache-maven-3.8.8\repository\org\springframework\data\spring-data-commons\2.6.9\spring-data-commons-2.6.9.jar, D:\85970\Files\Programming\Maven\apache-maven-3.8.8\repository\org\springframework\spring-beans\5.3.23\spring-beans-5.3.23.jar, D:\85970\Files\Programming\Maven\apache-maven-3.8.8\repository\org\springdoc\springdoc-openapi-ui\1.6.4\springdoc-openapi-ui-1.6.4.jar, D:\85970\Files\Programming\Maven\apache-maven-3.8.8\repository\org\springdoc\springdoc-openapi-webmvc-core\1.6.4\springdoc-openapi-webmvc-core-1.6.4.jar, D:\85970\Files\Programming\Maven\apache-maven-3.8.8\repository\org\springdoc\springdoc-openapi-common\1.6.4\springdoc-openapi-common-1.6.4.jar, D:\85970\Files\Programming\Maven\apache-maven-3.8.8\repository\io\swagger\core\v3\swagger-core\2.1.12\swagger-core-2.1.12.jar, D:\85970\Files\Programming\Maven\apache-maven-3.8.8\repository\org\apache\commons\commons-lang3\3.12.0\commons-lang3-3.12.0.jar, D:\85970\Files\Programming\Maven\apache-maven-3.8.8\repository\io\swagger\core\v3\swagger-annotations\2.1.12\swagger-annotations-2.1.12.jar, D:\85970\Files\Programming\Maven\apache-maven-3.8.8\repository\io\swagger\core\v3\swagger-models\2.1.12\swagger-models-2.1.12.jar, D:\85970\Files\Programming\Maven\apache-maven-3.8.8\repository\org\webjars\swagger-ui\4.1.3\swagger-ui-4.1.3.jar, D:\85970\Files\Programming\Maven\apache-maven-3.8.8\repository\org\webjars\webjars-locator-core\0.48\webjars-locator-core-0.48.jar, D:\85970\Files\Programming\Maven\apache-maven-3.8.8\repository\io\github\classgraph\classgraph\4.8.138\classgraph-4.8.138.jar, D:\85970\Files\Programming\Maven\apache-maven-3.8.8\repository\com\google\code\findbugs\jsr305\3.0.2\jsr305-3.0.2.jar, D:\85970\Files\Programming\Maven\apache-maven-3.8.8\repository\com\fasterxml\jackson\dataformat\jackson-dataformat-yaml\2.13.4\jackson-dataformat-yaml-2.13.4.jar, D:\85970\Files\Programming\Maven\apache-maven-3.8.8\repository\org\yaml\snakeyaml\1.29\snakeyaml-1.29.jar, D:\85970\Files\Programming\Maven\apache-maven-3.8.8\repository\com\fasterxml\jackson\core\jackson-core\2.13.4\jackson-core-2.13.4.jar, D:\85970\Files\Programming\Maven\apache-maven-3.8.8\repository\com\fasterxml\jackson\datatype\jackson-datatype-jsr310\2.13.4\jackson-datatype-jsr310-2.13.4.jar, D:\85970\Files\Programming\Maven\apache-maven-3.8.8\repository\com\fasterxml\jackson\core\jackson-annotations\2.13.4\jackson-annotations-2.13.4.jar, D:\85970\Files\Programming\Maven\apache-maven-3.8.8\repository\org\openapitools\jackson-databind-nullable\0.2.2\jackson-databind-nullable-0.2.2.jar, D:\85970\Files\Programming\Maven\apache-maven-3.8.8\repository\org\springframework\boot\spring-boot-starter-validation\2.6.13\spring-boot-starter-validation-2.6.13.jar, D:\85970\Files\Programming\Maven\apache-maven-3.8.8\repository\org\apache\tomcat\embed\tomcat-embed-el\9.0.68\tomcat-embed-el-9.0.68.jar, D:\85970\Files\Programming\Maven\apache-maven-3.8.8\repository\org\hibernate\validator\hibernate-validator\6.2.5.Final\hibernate-validator-6.2.5.Final.jar, D:\85970\Files\Programming\Maven\apache-maven-3.8.8\repository\jakarta\validation\jakarta.validation-api\2.0.2\jakarta.validation-api-2.0.2.jar, D:\85970\Files\Programming\Maven\apache-maven-3.8.8\repository\com\fasterxml\jackson\core\jackson-databind\2.13.4.2\jackson-databind-2.13.4.2.jar]
[DEBUG]   (f) compileSourceRoots = [D:\85970\Files\ProgrammingFiles\GitProject\Accounting System\server\src\main\java]
[DEBUG]   (f) compilerId = javac
[DEBUG]   (f) debug = true
[DEBUG]   (f) encoding = UTF-8
[DEBUG]   (f) failOnError = true
[DEBUG]   (f) failOnWarning = false
[DEBUG]   (f) forceJavacCompilerUse = false
[DEBUG]   (f) fork = false
[DEBUG]   (f) generatedSourcesDirectory = D:\85970\Files\ProgrammingFiles\GitProject\Accounting System\server\target\generated-sources\annotations
[DEBUG]   (f) mojoExecution = org.apache.maven.plugins:maven-compiler-plugin:3.8.1:compile {execution: default-compile}
[DEBUG]   (f) optimize = false
[DEBUG]   (f) outputDirectory = D:\85970\Files\ProgrammingFiles\GitProject\Accounting System\server\target\classes
[DEBUG]   (f) parameters = true
[DEBUG]   (f) project = MavenProject: org.openapitools:openapi-spring:1.0.0 @ D:\85970\Files\ProgrammingFiles\GitProject\Accounting System\server\pom.xml
[DEBUG]   (f) projectArtifact = org.openapitools:openapi-spring:jar:1.0.0
[DEBUG]   (f) session = org.apache.maven.execution.MavenSession@6bbe50c9
[DEBUG]   (f) showDeprecation = false
[DEBUG]   (f) showWarnings = false
[DEBUG]   (f) skipMultiThreadWarning = false
[DEBUG]   (f) source = 1.8
[DEBUG]   (f) staleMillis = 0
[DEBUG]   (s) target = 1.8
[DEBUG]   (f) useIncrementalCompilation = true
[DEBUG]   (f) verbose = false
[DEBUG] -- end configuration --
[DEBUG] Using compiler 'javac'.
[DEBUG] Adding D:\85970\Files\ProgrammingFiles\GitProject\Accounting System\server\target\generated-sources\annotations to compile source roots:
  D:\85970\Files\ProgrammingFiles\GitProject\Accounting System\server\src\main\java
[DEBUG] New compile source roots:
  D:\85970\Files\ProgrammingFiles\GitProject\Accounting System\server\src\main\java
  D:\85970\Files\ProgrammingFiles\GitProject\Accounting System\server\target\generated-sources\annotations
[DEBUG] CompilerReuseStrategy: reuseCreated
[DEBUG] useIncrementalCompilation enabled
[DEBUG] Stale source detected: D:\85970\Files\ProgrammingFiles\GitProject\Accounting System\server\src\main\java\com\as\server\repository\AccountTypeRepository.java
[DEBUG] Stale source detected: D:\85970\Files\ProgrammingFiles\GitProject\Accounting System\server\src\main\java\com\as\server\service\AccountService.java
[DEBUG] Stale source detected: D:\85970\Files\ProgrammingFiles\GitProject\Accounting System\server\src\main\java\com\as\server\dto\error\ApiError.java
[DEBUG] Stale source detected: D:\85970\Files\ProgrammingFiles\GitProject\Accounting System\server\src\main\java\com\as\server\dto\transactions\TransactionRequest.java
[DEBUG] Stale source detected: D:\85970\Files\ProgrammingFiles\GitProject\Accounting System\server\src\main\java\com\as\server\service\impl\SubAccountServiceImpl.java
[DEBUG] Stale source detected: D:\85970\Files\ProgrammingFiles\GitProject\Accounting System\server\src\main\java\com\as\server\config\JwtAuthenticationFilter.java
[DEBUG] Stale source detected: D:\85970\Files\ProgrammingFiles\GitProject\Accounting System\server\src\main\java\com\as\server\api\User\UsersApi.java
[DEBUG] Stale source detected: D:\85970\Files\ProgrammingFiles\GitProject\Accounting System\server\src\main\java\com\as\server\dto\statistics\StatisticsResponseIncomeByType.java
[DEBUG] Stale source detected: D:\85970\Files\ProgrammingFiles\GitProject\Accounting System\server\src\main\java\com\as\server\controller\TransactionController.java
[DEBUG] Stale source detected: D:\85970\Files\ProgrammingFiles\GitProject\Accounting System\server\src\main\java\com\as\server\dto\statistics\StatisticsResponseExpenseByType.java
[DEBUG] Stale source detected: D:\85970\Files\ProgrammingFiles\GitProject\Accounting System\server\src\main\java\com\as\server\api\transactions\TransactionTypesApi.java
[DEBUG] Stale source detected: D:\85970\Files\ProgrammingFiles\GitProject\Accounting System\server\src\main\java\com\as\server\service\impl\TransactionServiceImpl.java
[DEBUG] Stale source detected: D:\85970\Files\ProgrammingFiles\GitProject\Accounting System\server\src\main\java\com\as\server\ServerApplication.java
[DEBUG] Stale source detected: D:\85970\Files\ProgrammingFiles\GitProject\Accounting System\server\src\main\java\com\as\server\entity\Account.java
[DEBUG] Stale source detected: D:\85970\Files\ProgrammingFiles\GitProject\Accounting System\server\src\main\java\com\as\server\service\impl\TransactionTypeServiceImpl.java
[DEBUG] Stale source detected: D:\85970\Files\ProgrammingFiles\GitProject\Accounting System\server\src\main\java\com\as\server\service\SubAccountService.java
[DEBUG] Stale source detected: D:\85970\Files\ProgrammingFiles\GitProject\Accounting System\server\src\main\java\com\as\server\dto\accounts\AccountDTO.java
[DEBUG] Stale source detected: D:\85970\Files\ProgrammingFiles\GitProject\Accounting System\server\src\main\java\com\as\server\service\impl\UserServiceImpl.java
[DEBUG] Stale source detected: D:\85970\Files\ProgrammingFiles\GitProject\Accounting System\server\src\main\java\com\as\server\controller\StatisticsController.java
[DEBUG] Stale source detected: D:\85970\Files\ProgrammingFiles\GitProject\Accounting System\server\src\main\java\com\as\server\dto\statistics\StatisticsResponse.java
[DEBUG] Stale source detected: D:\85970\Files\ProgrammingFiles\GitProject\Accounting System\server\src\main\java\com\as\server\controller\UserController.java
[DEBUG] Stale source detected: D:\85970\Files\ProgrammingFiles\GitProject\Accounting System\server\src\main\java\com\as\server\entity\User.java
[DEBUG] Stale source detected: D:\85970\Files\ProgrammingFiles\GitProject\Accounting System\server\src\main\java\com\as\server\exception\GlobalExceptionHandler.java
[DEBUG] Stale source detected: D:\85970\Files\ProgrammingFiles\GitProject\Accounting System\server\src\main\java\com\as\server\entity\SubAccount.java
[DEBUG] Stale source detected: D:\85970\Files\ProgrammingFiles\GitProject\Accounting System\server\src\main\java\com\as\server\service\TransactionService.java
[DEBUG] Stale source detected: D:\85970\Files\ProgrammingFiles\GitProject\Accounting System\server\src\main\java\com\as\server\service\impl\AccountServiceImpl.java
[DEBUG] Stale source detected: D:\85970\Files\ProgrammingFiles\GitProject\Accounting System\server\src\main\java\com\as\server\dto\accounts\AccountRequest.java
[DEBUG] Stale source detected: D:\85970\Files\ProgrammingFiles\GitProject\Accounting System\server\src\main\java\com\as\server\repository\TransactionTypeRepository.java
[DEBUG] Stale source detected: D:\85970\Files\ProgrammingFiles\GitProject\Accounting System\server\src\main\java\com\as\server\controller\SubAccountController.java
[DEBUG] Stale source detected: D:\85970\Files\ProgrammingFiles\GitProject\Accounting System\server\src\main\java\com\as\server\repository\UserRepository.java
[DEBUG] Stale source detected: D:\85970\Files\ProgrammingFiles\GitProject\Accounting System\server\src\main\java\com\as\server\api\statistics\StatisticsApi.java
[DEBUG] Stale source detected: D:\85970\Files\ProgrammingFiles\GitProject\Accounting System\server\src\main\java\com\as\server\dto\transactions\TransactionListResponse.java
[DEBUG] Stale source detected: D:\85970\Files\ProgrammingFiles\GitProject\Accounting System\server\src\main\java\com\as\server\dto\users\UserRequest.java
[DEBUG] Stale source detected: D:\85970\Files\ProgrammingFiles\GitProject\Accounting System\server\src\main\java\com\as\server\dto\auth\LoginResponse.java
[DEBUG] Stale source detected: D:\85970\Files\ProgrammingFiles\GitProject\Accounting System\server\src\main\java\com\as\server\service\TransactionTypeService.java
[DEBUG] Stale source detected: D:\85970\Files\ProgrammingFiles\GitProject\Accounting System\server\src\main\java\com\as\server\api\transactions\TransactionsApi.java
[DEBUG] Stale source detected: D:\85970\Files\ProgrammingFiles\GitProject\Accounting System\server\src\main\java\com\as\server\api\auth\AuthApi.java
[DEBUG] Stale source detected: D:\85970\Files\ProgrammingFiles\GitProject\Accounting System\server\src\main\java\com\as\server\api\accounts\AccountsApi.java
[DEBUG] Stale source detected: D:\85970\Files\ProgrammingFiles\GitProject\Accounting System\server\src\main\java\com\as\server\entity\TransactionType.java
[DEBUG] Stale source detected: D:\85970\Files\ProgrammingFiles\GitProject\Accounting System\server\src\main\java\com\as\server\dto\transactions\TransactionTypeDTO.java
[DEBUG] Stale source detected: D:\85970\Files\ProgrammingFiles\GitProject\Accounting System\server\src\main\java\com\as\server\dto\auth\LoginRequest.java
[DEBUG] Stale source detected: D:\85970\Files\ProgrammingFiles\GitProject\Accounting System\server\src\main\java\com\as\server\util\ApiUtil.java
[DEBUG] Stale source detected: D:\85970\Files\ProgrammingFiles\GitProject\Accounting System\server\src\main\java\com\as\server\config\SecurityConfig.java
[DEBUG] Stale source detected: D:\85970\Files\ProgrammingFiles\GitProject\Accounting System\server\src\main\java\com\as\server\controller\TransactionTypeController.java
[DEBUG] Stale source detected: D:\85970\Files\ProgrammingFiles\GitProject\Accounting System\server\src\main\java\com\as\server\controller\AuthController.java
[DEBUG] Stale source detected: D:\85970\Files\ProgrammingFiles\GitProject\Accounting System\server\src\main\java\com\as\server\repository\AccountRepository.java
[DEBUG] Stale source detected: D:\85970\Files\ProgrammingFiles\GitProject\Accounting System\server\src\main\java\com\as\server\service\impl\AccountTypeServiceImpl.java
[DEBUG] Stale source detected: D:\85970\Files\ProgrammingFiles\GitProject\Accounting System\server\src\main\java\com\as\server\dto\accounts\SubAccountDTO.java
[DEBUG] Stale source detected: D:\85970\Files\ProgrammingFiles\GitProject\Accounting System\server\src\main\java\com\as\server\exception\EntityNotFoundException.java
[DEBUG] Stale source detected: D:\85970\Files\ProgrammingFiles\GitProject\Accounting System\server\src\main\java\com\as\server\entity\AccountType.java
[DEBUG] Stale source detected: D:\85970\Files\ProgrammingFiles\GitProject\Accounting System\server\src\main\java\com\as\server\service\UserService.java
[DEBUG] Stale source detected: D:\85970\Files\ProgrammingFiles\GitProject\Accounting System\server\src\main\java\com\as\server\repository\TransactionRepository.java
[DEBUG] Stale source detected: D:\85970\Files\ProgrammingFiles\GitProject\Accounting System\server\src\main\java\com\as\server\dto\users\UserDTO.java
[DEBUG] Stale source detected: D:\85970\Files\ProgrammingFiles\GitProject\Accounting System\server\src\main\java\com\as\server\security\JwtUtil.java
[DEBUG] Stale source detected: D:\85970\Files\ProgrammingFiles\GitProject\Accounting System\server\src\main\java\com\as\server\entity\Transaction.java
[DEBUG] Stale source detected: D:\85970\Files\ProgrammingFiles\GitProject\Accounting System\server\src\main\java\com\as\server\service\impl\StatisticsServiceImpl.java
[DEBUG] Stale source detected: D:\85970\Files\ProgrammingFiles\GitProject\Accounting System\server\src\main\java\com\as\server\service\StatisticsService.java
[DEBUG] Stale source detected: D:\85970\Files\ProgrammingFiles\GitProject\Accounting System\server\src\main\java\com\as\server\repository\SubAccountRepository.java
[DEBUG] Stale source detected: D:\85970\Files\ProgrammingFiles\GitProject\Accounting System\server\src\main\java\com\as\server\enums\CardType.java
[DEBUG] Stale source detected: D:\85970\Files\ProgrammingFiles\GitProject\Accounting System\server\src\main\java\com\as\server\service\AccountTypeService.java
[DEBUG] Stale source detected: D:\85970\Files\ProgrammingFiles\GitProject\Accounting System\server\src\main\java\com\as\server\api\accounts\SubAccountsApi.java
[DEBUG] Stale source detected: D:\85970\Files\ProgrammingFiles\GitProject\Accounting System\server\src\main\java\com\as\server\controller\AccountController.java
[DEBUG] Stale source detected: D:\85970\Files\ProgrammingFiles\GitProject\Accounting System\server\src\main\java\com\as\server\dto\accounts\SubAccountRequest.java
[DEBUG] Stale source detected: D:\85970\Files\ProgrammingFiles\GitProject\Accounting System\server\src\main\java\com\as\server\exception\ConflictException.java
[DEBUG] Stale source detected: D:\85970\Files\ProgrammingFiles\GitProject\Accounting System\server\src\main\java\com\as\server\mapper\EntityMapper.java
[DEBUG] Stale source detected: D:\85970\Files\ProgrammingFiles\GitProject\Accounting System\server\src\main\java\com\as\server\dto\transactions\TransactionDTO.java
[INFO] Changes detected - recompiling the module!
[DEBUG] Classpath:
[DEBUG]  D:\85970\Files\ProgrammingFiles\GitProject\Accounting System\server\target\classes
[DEBUG]  D:\85970\Files\Programming\Maven\apache-maven-3.8.8\repository\org\mybatis\spring\boot\mybatis-spring-boot-starter\1.2.0\mybatis-spring-boot-starter-1.2.0.jar
[DEBUG]  D:\85970\Files\Programming\Maven\apache-maven-3.8.8\repository\org\springframework\boot\spring-boot-starter\2.6.13\spring-boot-starter-2.6.13.jar
[DEBUG]  D:\85970\Files\Programming\Maven\apache-maven-3.8.8\repository\org\springframework\boot\spring-boot\2.6.13\spring-boot-2.6.13.jar
[DEBUG]  D:\85970\Files\Programming\Maven\apache-maven-3.8.8\repository\org\springframework\boot\spring-boot-starter-logging\2.6.13\spring-boot-starter-logging-2.6.13.jar
[DEBUG]  D:\85970\Files\Programming\Maven\apache-maven-3.8.8\repository\ch\qos\logback\logback-classic\1.2.11\logback-classic-1.2.11.jar
[DEBUG]  D:\85970\Files\Programming\Maven\apache-maven-3.8.8\repository\ch\qos\logback\logback-core\1.2.11\logback-core-1.2.11.jar
[DEBUG]  D:\85970\Files\Programming\Maven\apache-maven-3.8.8\repository\org\apache\logging\log4j\log4j-to-slf4j\2.17.2\log4j-to-slf4j-2.17.2.jar
[DEBUG]  D:\85970\Files\Programming\Maven\apache-maven-3.8.8\repository\org\apache\logging\log4j\log4j-api\2.17.2\log4j-api-2.17.2.jar
[DEBUG]  D:\85970\Files\Programming\Maven\apache-maven-3.8.8\repository\org\slf4j\jul-to-slf4j\1.7.36\jul-to-slf4j-1.7.36.jar
[DEBUG]  D:\85970\Files\Programming\Maven\apache-maven-3.8.8\repository\jakarta\annotation\jakarta.annotation-api\1.3.5\jakarta.annotation-api-1.3.5.jar
[DEBUG]  D:\85970\Files\Programming\Maven\apache-maven-3.8.8\repository\org\springframework\boot\spring-boot-starter-jdbc\2.6.13\spring-boot-starter-jdbc-2.6.13.jar
[DEBUG]  D:\85970\Files\Programming\Maven\apache-maven-3.8.8\repository\com\zaxxer\HikariCP\4.0.3\HikariCP-4.0.3.jar
[DEBUG]  D:\85970\Files\Programming\Maven\apache-maven-3.8.8\repository\org\springframework\spring-jdbc\5.3.23\spring-jdbc-5.3.23.jar
[DEBUG]  D:\85970\Files\Programming\Maven\apache-maven-3.8.8\repository\org\mybatis\spring\boot\mybatis-spring-boot-autoconfigure\1.2.0\mybatis-spring-boot-autoconfigure-1.2.0.jar
[DEBUG]  D:\85970\Files\Programming\Maven\apache-maven-3.8.8\repository\org\mybatis\mybatis\3.4.2\mybatis-3.4.2.jar
[DEBUG]  D:\85970\Files\Programming\Maven\apache-maven-3.8.8\repository\org\mybatis\mybatis-spring\1.3.1\mybatis-spring-1.3.1.jar
[DEBUG]  D:\85970\Files\Programming\Maven\apache-maven-3.8.8\repository\org\springframework\security\spring-security-core\5.6.8\spring-security-core-5.6.8.jar
[DEBUG]  D:\85970\Files\Programming\Maven\apache-maven-3.8.8\repository\org\springframework\security\spring-security-crypto\5.6.8\spring-security-crypto-5.6.8.jar
[DEBUG]  D:\85970\Files\Programming\Maven\apache-maven-3.8.8\repository\org\springframework\spring-context\5.3.23\spring-context-5.3.23.jar
[DEBUG]  D:\85970\Files\Programming\Maven\apache-maven-3.8.8\repository\org\springframework\spring-expression\5.3.23\spring-expression-5.3.23.jar
[DEBUG]  D:\85970\Files\Programming\Maven\apache-maven-3.8.8\repository\org\springframework\security\spring-security-web\5.6.8\spring-security-web-5.6.8.jar
[DEBUG]  D:\85970\Files\Programming\Maven\apache-maven-3.8.8\repository\org\springframework\spring-core\5.3.23\spring-core-5.3.23.jar
[DEBUG]  D:\85970\Files\Programming\Maven\apache-maven-3.8.8\repository\org\springframework\spring-jcl\5.3.23\spring-jcl-5.3.23.jar
[DEBUG]  D:\85970\Files\Programming\Maven\apache-maven-3.8.8\repository\io\jsonwebtoken\jjwt\0.9.1\jjwt-0.9.1.jar
[DEBUG]  D:\85970\Files\Programming\Maven\apache-maven-3.8.8\repository\org\springframework\boot\spring-boot-starter-security\2.6.13\spring-boot-starter-security-2.6.13.jar
[DEBUG]  D:\85970\Files\Programming\Maven\apache-maven-3.8.8\repository\org\springframework\spring-aop\5.3.23\spring-aop-5.3.23.jar
[DEBUG]  D:\85970\Files\Programming\Maven\apache-maven-3.8.8\repository\org\springframework\security\spring-security-config\5.6.8\spring-security-config-5.6.8.jar
[DEBUG]  D:\85970\Files\Programming\Maven\apache-maven-3.8.8\repository\org\slf4j\slf4j-api\1.7.36\slf4j-api-1.7.36.jar
[DEBUG]  D:\85970\Files\Programming\Maven\apache-maven-3.8.8\repository\jakarta\xml\bind\jakarta.xml.bind-api\2.3.3\jakarta.xml.bind-api-2.3.3.jar
[DEBUG]  D:\85970\Files\Programming\Maven\apache-maven-3.8.8\repository\jakarta\activation\jakarta.activation-api\1.2.2\jakarta.activation-api-1.2.2.jar
[DEBUG]  D:\85970\Files\Programming\Maven\apache-maven-3.8.8\repository\net\bytebuddy\byte-buddy\1.11.22\byte-buddy-1.11.22.jar
[DEBUG]  D:\85970\Files\Programming\Maven\apache-maven-3.8.8\repository\org\mapstruct\mapstruct\1.5.5.Final\mapstruct-1.5.5.Final.jar
[DEBUG]  D:\85970\Files\Programming\Maven\apache-maven-3.8.8\repository\org\mapstruct\mapstruct-processor\1.5.5.Final\mapstruct-processor-1.5.5.Final.jar
[DEBUG]  D:\85970\Files\Programming\Maven\apache-maven-3.8.8\repository\org\springframework\boot\spring-boot-starter-data-jpa\2.6.13\spring-boot-starter-data-jpa-2.6.13.jar
[DEBUG]  D:\85970\Files\Programming\Maven\apache-maven-3.8.8\repository\org\springframework\boot\spring-boot-starter-aop\2.6.13\spring-boot-starter-aop-2.6.13.jar
[DEBUG]  D:\85970\Files\Programming\Maven\apache-maven-3.8.8\repository\org\aspectj\aspectjweaver\1.9.7\aspectjweaver-1.9.7.jar
[DEBUG]  D:\85970\Files\Programming\Maven\apache-maven-3.8.8\repository\jakarta\transaction\jakarta.transaction-api\1.3.3\jakarta.transaction-api-1.3.3.jar
[DEBUG]  D:\85970\Files\Programming\Maven\apache-maven-3.8.8\repository\jakarta\persistence\jakarta.persistence-api\2.2.3\jakarta.persistence-api-2.2.3.jar
[DEBUG]  D:\85970\Files\Programming\Maven\apache-maven-3.8.8\repository\org\hibernate\hibernate-core\5.6.12.Final\hibernate-core-5.6.12.Final.jar
[DEBUG]  D:\85970\Files\Programming\Maven\apache-maven-3.8.8\repository\org\jboss\logging\jboss-logging\3.4.3.Final\jboss-logging-3.4.3.Final.jar
[DEBUG]  D:\85970\Files\Programming\Maven\apache-maven-3.8.8\repository\antlr\antlr\2.7.7\antlr-2.7.7.jar
[DEBUG]  D:\85970\Files\Programming\Maven\apache-maven-3.8.8\repository\org\jboss\jandex\2.4.2.Final\jandex-2.4.2.Final.jar
[DEBUG]  D:\85970\Files\Programming\Maven\apache-maven-3.8.8\repository\com\fasterxml\classmate\1.5.1\classmate-1.5.1.jar
[DEBUG]  D:\85970\Files\Programming\Maven\apache-maven-3.8.8\repository\org\hibernate\common\hibernate-commons-annotations\5.1.2.Final\hibernate-commons-annotations-5.1.2.Final.jar
[DEBUG]  D:\85970\Files\Programming\Maven\apache-maven-3.8.8\repository\org\glassfish\jaxb\jaxb-runtime\2.3.7\jaxb-runtime-2.3.7.jar
[DEBUG]  D:\85970\Files\Programming\Maven\apache-maven-3.8.8\repository\org\glassfish\jaxb\txw2\2.3.7\txw2-2.3.7.jar
[DEBUG]  D:\85970\Files\Programming\Maven\apache-maven-3.8.8\repository\com\sun\istack\istack-commons-runtime\3.0.12\istack-commons-runtime-3.0.12.jar
[DEBUG]  D:\85970\Files\Programming\Maven\apache-maven-3.8.8\repository\org\springframework\data\spring-data-jpa\2.6.9\spring-data-jpa-2.6.9.jar
[DEBUG]  D:\85970\Files\Programming\Maven\apache-maven-3.8.8\repository\org\springframework\spring-orm\5.3.23\spring-orm-5.3.23.jar
[DEBUG]  D:\85970\Files\Programming\Maven\apache-maven-3.8.8\repository\org\springframework\spring-tx\5.3.23\spring-tx-5.3.23.jar
[DEBUG]  D:\85970\Files\Programming\Maven\apache-maven-3.8.8\repository\org\springframework\spring-aspects\5.3.23\spring-aspects-5.3.23.jar
[DEBUG]  D:\85970\Files\Programming\Maven\apache-maven-3.8.8\repository\com\alibaba\druid-spring-boot-starter\1.2.14\druid-spring-boot-starter-1.2.14.jar
[DEBUG]  D:\85970\Files\Programming\Maven\apache-maven-3.8.8\repository\com\alibaba\druid\1.2.14\druid-1.2.14.jar
[DEBUG]  D:\85970\Files\Programming\Maven\apache-maven-3.8.8\repository\org\springframework\boot\spring-boot-autoconfigure\2.6.13\spring-boot-autoconfigure-2.6.13.jar
[DEBUG]  D:\85970\Files\Programming\Maven\apache-maven-3.8.8\repository\org\projectlombok\lombok\1.18.24\lombok-1.18.24.jar
[DEBUG]  D:\85970\Files\Programming\Maven\apache-maven-3.8.8\repository\com\mysql\mysql-connector-j\8.0.31\mysql-connector-j-8.0.31.jar
[DEBUG]  D:\85970\Files\Programming\Maven\apache-maven-3.8.8\repository\org\springframework\boot\spring-boot-starter-web\2.6.13\spring-boot-starter-web-2.6.13.jar
[DEBUG]  D:\85970\Files\Programming\Maven\apache-maven-3.8.8\repository\org\springframework\boot\spring-boot-starter-json\2.6.13\spring-boot-starter-json-2.6.13.jar
[DEBUG]  D:\85970\Files\Programming\Maven\apache-maven-3.8.8\repository\com\fasterxml\jackson\datatype\jackson-datatype-jdk8\2.13.4\jackson-datatype-jdk8-2.13.4.jar
[DEBUG]  D:\85970\Files\Programming\Maven\apache-maven-3.8.8\repository\com\fasterxml\jackson\module\jackson-module-parameter-names\2.13.4\jackson-module-parameter-names-2.13.4.jar
[DEBUG]  D:\85970\Files\Programming\Maven\apache-maven-3.8.8\repository\org\springframework\boot\spring-boot-starter-tomcat\2.6.13\spring-boot-starter-tomcat-2.6.13.jar
[DEBUG]  D:\85970\Files\Programming\Maven\apache-maven-3.8.8\repository\org\apache\tomcat\embed\tomcat-embed-core\9.0.68\tomcat-embed-core-9.0.68.jar
[DEBUG]  D:\85970\Files\Programming\Maven\apache-maven-3.8.8\repository\org\apache\tomcat\embed\tomcat-embed-websocket\9.0.68\tomcat-embed-websocket-9.0.68.jar
[DEBUG]  D:\85970\Files\Programming\Maven\apache-maven-3.8.8\repository\org\springframework\spring-web\5.3.23\spring-web-5.3.23.jar
[DEBUG]  D:\85970\Files\Programming\Maven\apache-maven-3.8.8\repository\org\springframework\spring-webmvc\5.3.23\spring-webmvc-5.3.23.jar
[DEBUG]  D:\85970\Files\Programming\Maven\apache-maven-3.8.8\repository\org\springframework\data\spring-data-commons\2.6.9\spring-data-commons-2.6.9.jar
[DEBUG]  D:\85970\Files\Programming\Maven\apache-maven-3.8.8\repository\org\springframework\spring-beans\5.3.23\spring-beans-5.3.23.jar
[DEBUG]  D:\85970\Files\Programming\Maven\apache-maven-3.8.8\repository\org\springdoc\springdoc-openapi-ui\1.6.4\springdoc-openapi-ui-1.6.4.jar
[DEBUG]  D:\85970\Files\Programming\Maven\apache-maven-3.8.8\repository\org\springdoc\springdoc-openapi-webmvc-core\1.6.4\springdoc-openapi-webmvc-core-1.6.4.jar
[DEBUG]  D:\85970\Files\Programming\Maven\apache-maven-3.8.8\repository\org\springdoc\springdoc-openapi-common\1.6.4\springdoc-openapi-common-1.6.4.jar
[DEBUG]  D:\85970\Files\Programming\Maven\apache-maven-3.8.8\repository\io\swagger\core\v3\swagger-core\2.1.12\swagger-core-2.1.12.jar
[DEBUG]  D:\85970\Files\Programming\Maven\apache-maven-3.8.8\repository\org\apache\commons\commons-lang3\3.12.0\commons-lang3-3.12.0.jar
[DEBUG]  D:\85970\Files\Programming\Maven\apache-maven-3.8.8\repository\io\swagger\core\v3\swagger-annotations\2.1.12\swagger-annotations-2.1.12.jar
[DEBUG]  D:\85970\Files\Programming\Maven\apache-maven-3.8.8\repository\io\swagger\core\v3\swagger-models\2.1.12\swagger-models-2.1.12.jar
[DEBUG]  D:\85970\Files\Programming\Maven\apache-maven-3.8.8\repository\org\webjars\swagger-ui\4.1.3\swagger-ui-4.1.3.jar
[DEBUG]  D:\85970\Files\Programming\Maven\apache-maven-3.8.8\repository\org\webjars\webjars-locator-core\0.48\webjars-locator-core-0.48.jar
[DEBUG]  D:\85970\Files\Programming\Maven\apache-maven-3.8.8\repository\io\github\classgraph\classgraph\4.8.138\classgraph-4.8.138.jar
[DEBUG]  D:\85970\Files\Programming\Maven\apache-maven-3.8.8\repository\com\google\code\findbugs\jsr305\3.0.2\jsr305-3.0.2.jar
[DEBUG]  D:\85970\Files\Programming\Maven\apache-maven-3.8.8\repository\com\fasterxml\jackson\dataformat\jackson-dataformat-yaml\2.13.4\jackson-dataformat-yaml-2.13.4.jar
[DEBUG]  D:\85970\Files\Programming\Maven\apache-maven-3.8.8\repository\org\yaml\snakeyaml\1.29\snakeyaml-1.29.jar
[DEBUG]  D:\85970\Files\Programming\Maven\apache-maven-3.8.8\repository\com\fasterxml\jackson\core\jackson-core\2.13.4\jackson-core-2.13.4.jar
[DEBUG]  D:\85970\Files\Programming\Maven\apache-maven-3.8.8\repository\com\fasterxml\jackson\datatype\jackson-datatype-jsr310\2.13.4\jackson-datatype-jsr310-2.13.4.jar
[DEBUG]  D:\85970\Files\Programming\Maven\apache-maven-3.8.8\repository\com\fasterxml\jackson\core\jackson-annotations\2.13.4\jackson-annotations-2.13.4.jar
[DEBUG]  D:\85970\Files\Programming\Maven\apache-maven-3.8.8\repository\org\openapitools\jackson-databind-nullable\0.2.2\jackson-databind-nullable-0.2.2.jar
[DEBUG]  D:\85970\Files\Programming\Maven\apache-maven-3.8.8\repository\org\springframework\boot\spring-boot-starter-validation\2.6.13\spring-boot-starter-validation-2.6.13.jar
[DEBUG]  D:\85970\Files\Programming\Maven\apache-maven-3.8.8\repository\org\apache\tomcat\embed\tomcat-embed-el\9.0.68\tomcat-embed-el-9.0.68.jar
[DEBUG]  D:\85970\Files\Programming\Maven\apache-maven-3.8.8\repository\org\hibernate\validator\hibernate-validator\6.2.5.Final\hibernate-validator-6.2.5.Final.jar
[DEBUG]  D:\85970\Files\Programming\Maven\apache-maven-3.8.8\repository\jakarta\validation\jakarta.validation-api\2.0.2\jakarta.validation-api-2.0.2.jar
[DEBUG]  D:\85970\Files\Programming\Maven\apache-maven-3.8.8\repository\com\fasterxml\jackson\core\jackson-databind\2.13.4.2\jackson-databind-2.13.4.2.jar
[DEBUG] Source roots:
[DEBUG]  D:\85970\Files\ProgrammingFiles\GitProject\Accounting System\server\src\main\java
[DEBUG]  D:\85970\Files\ProgrammingFiles\GitProject\Accounting System\server\target\generated-sources\annotations
[DEBUG] Command line options:
[DEBUG] -d D:\85970\Files\ProgrammingFiles\GitProject\Accounting System\server\target\classes -classpath D:\85970\Files\ProgrammingFiles\GitProject\Accounting System\server\target\classes;D:\85970\Files\Programming\Maven\apache-maven-3.8.8\repository\org\mybatis\spring\boot\mybatis-spring-boot-starter\1.2.0\mybatis-spring-boot-starter-1.2.0.jar;D:\85970\Files\Programming\Maven\apache-maven-3.8.8\repository\org\springframework\boot\spring-boot-starter\2.6.13\spring-boot-starter-2.6.13.jar;D:\85970\Files\Programming\Maven\apache-maven-3.8.8\repository\org\springframework\boot\spring-boot\2.6.13\spring-boot-2.6.13.jar;D:\85970\Files\Programming\Maven\apache-maven-3.8.8\repository\org\springframework\boot\spring-boot-starter-logging\2.6.13\spring-boot-starter-logging-2.6.13.jar;D:\85970\Files\Programming\Maven\apache-maven-3.8.8\repository\ch\qos\logback\logback-classic\1.2.11\logback-classic-1.2.11.jar;D:\85970\Files\Programming\Maven\apache-maven-3.8.8\repository\ch\qos\logback\logback-core\1.2.11\logback-core-1.2.11.jar;D:\85970\Files\Programming\Maven\apache-maven-3.8.8\repository\org\apache\logging\log4j\log4j-to-slf4j\2.17.2\log4j-to-slf4j-2.17.2.jar;D:\85970\Files\Programming\Maven\apache-maven-3.8.8\repository\org\apache\logging\log4j\log4j-api\2.17.2\log4j-api-2.17.2.jar;D:\85970\Files\Programming\Maven\apache-maven-3.8.8\repository\org\slf4j\jul-to-slf4j\1.7.36\jul-to-slf4j-1.7.36.jar;D:\85970\Files\Programming\Maven\apache-maven-3.8.8\repository\jakarta\annotation\jakarta.annotation-api\1.3.5\jakarta.annotation-api-1.3.5.jar;D:\85970\Files\Programming\Maven\apache-maven-3.8.8\repository\org\springframework\boot\spring-boot-starter-jdbc\2.6.13\spring-boot-starter-jdbc-2.6.13.jar;D:\85970\Files\Programming\Maven\apache-maven-3.8.8\repository\com\zaxxer\HikariCP\4.0.3\HikariCP-4.0.3.jar;D:\85970\Files\Programming\Maven\apache-maven-3.8.8\repository\org\springframework\spring-jdbc\5.3.23\spring-jdbc-5.3.23.jar;D:\85970\Files\Programming\Maven\apache-maven-3.8.8\repository\org\mybatis\spring\boot\mybatis-spring-boot-autoconfigure\1.2.0\mybatis-spring-boot-autoconfigure-1.2.0.jar;D:\85970\Files\Programming\Maven\apache-maven-3.8.8\repository\org\mybatis\mybatis\3.4.2\mybatis-3.4.2.jar;D:\85970\Files\Programming\Maven\apache-maven-3.8.8\repository\org\mybatis\mybatis-spring\1.3.1\mybatis-spring-1.3.1.jar;D:\85970\Files\Programming\Maven\apache-maven-3.8.8\repository\org\springframework\security\spring-security-core\5.6.8\spring-security-core-5.6.8.jar;D:\85970\Files\Programming\Maven\apache-maven-3.8.8\repository\org\springframework\security\spring-security-crypto\5.6.8\spring-security-crypto-5.6.8.jar;D:\85970\Files\Programming\Maven\apache-maven-3.8.8\repository\org\springframework\spring-context\5.3.23\spring-context-5.3.23.jar;D:\85970\Files\Programming\Maven\apache-maven-3.8.8\repository\org\springframework\spring-expression\5.3.23\spring-expression-5.3.23.jar;D:\85970\Files\Programming\Maven\apache-maven-3.8.8\repository\org\springframework\security\spring-security-web\5.6.8\spring-security-web-5.6.8.jar;D:\85970\Files\Programming\Maven\apache-maven-3.8.8\repository\org\springframework\spring-core\5.3.23\spring-core-5.3.23.jar;D:\85970\Files\Programming\Maven\apache-maven-3.8.8\repository\org\springframework\spring-jcl\5.3.23\spring-jcl-5.3.23.jar;D:\85970\Files\Programming\Maven\apache-maven-3.8.8\repository\io\jsonwebtoken\jjwt\0.9.1\jjwt-0.9.1.jar;D:\85970\Files\Programming\Maven\apache-maven-3.8.8\repository\org\springframework\boot\spring-boot-starter-security\2.6.13\spring-boot-starter-security-2.6.13.jar;D:\85970\Files\Programming\Maven\apache-maven-3.8.8\repository\org\springframework\spring-aop\5.3.23\spring-aop-5.3.23.jar;D:\85970\Files\Programming\Maven\apache-maven-3.8.8\repository\org\springframework\security\spring-security-config\5.6.8\spring-security-config-5.6.8.jar;D:\85970\Files\Programming\Maven\apache-maven-3.8.8\repository\org\slf4j\slf4j-api\1.7.36\slf4j-api-1.7.36.jar;D:\85970\Files\Programming\Maven\apache-maven-3.8.8\repository\jakarta\xml\bind\jakarta.xml.bind-api\2.3.3\jakarta.xml.bind-api-2.3.3.jar;D:\85970\Files\Programming\Maven\apache-maven-3.8.8\repository\jakarta\activation\jakarta.activation-api\1.2.2\jakarta.activation-api-1.2.2.jar;D:\85970\Files\Programming\Maven\apache-maven-3.8.8\repository\net\bytebuddy\byte-buddy\1.11.22\byte-buddy-1.11.22.jar;D:\85970\Files\Programming\Maven\apache-maven-3.8.8\repository\org\mapstruct\mapstruct\1.5.5.Final\mapstruct-1.5.5.Final.jar;D:\85970\Files\Programming\Maven\apache-maven-3.8.8\repository\org\mapstruct\mapstruct-processor\1.5.5.Final\mapstruct-processor-1.5.5.Final.jar;D:\85970\Files\Programming\Maven\apache-maven-3.8.8\repository\org\springframework\boot\spring-boot-starter-data-jpa\2.6.13\spring-boot-starter-data-jpa-2.6.13.jar;D:\85970\Files\Programming\Maven\apache-maven-3.8.8\repository\org\springframework\boot\spring-boot-starter-aop\2.6.13\spring-boot-starter-aop-2.6.13.jar;D:\85970\Files\Programming\Maven\apache-maven-3.8.8\repository\org\aspectj\aspectjweaver\1.9.7\aspectjweaver-1.9.7.jar;D:\85970\Files\Programming\Maven\apache-maven-3.8.8\repository\jakarta\transaction\jakarta.transaction-api\1.3.3\jakarta.transaction-api-1.3.3.jar;D:\85970\Files\Programming\Maven\apache-maven-3.8.8\repository\jakarta\persistence\jakarta.persistence-api\2.2.3\jakarta.persistence-api-2.2.3.jar;D:\85970\Files\Programming\Maven\apache-maven-3.8.8\repository\org\hibernate\hibernate-core\5.6.12.Final\hibernate-core-5.6.12.Final.jar;D:\85970\Files\Programming\Maven\apache-maven-3.8.8\repository\org\jboss\logging\jboss-logging\3.4.3.Final\jboss-logging-3.4.3.Final.jar;D:\85970\Files\Programming\Maven\apache-maven-3.8.8\repository\antlr\antlr\2.7.7\antlr-2.7.7.jar;D:\85970\Files\Programming\Maven\apache-maven-3.8.8\repository\org\jboss\jandex\2.4.2.Final\jandex-2.4.2.Final.jar;D:\85970\Files\Programming\Maven\apache-maven-3.8.8\repository\com\fasterxml\classmate\1.5.1\classmate-1.5.1.jar;D:\85970\Files\Programming\Maven\apache-maven-3.8.8\repository\org\hibernate\common\hibernate-commons-annotations\5.1.2.Final\hibernate-commons-annotations-5.1.2.Final.jar;D:\85970\Files\Programming\Maven\apache-maven-3.8.8\repository\org\glassfish\jaxb\jaxb-runtime\2.3.7\jaxb-runtime-2.3.7.jar;D:\85970\Files\Programming\Maven\apache-maven-3.8.8\repository\org\glassfish\jaxb\txw2\2.3.7\txw2-2.3.7.jar;D:\85970\Files\Programming\Maven\apache-maven-3.8.8\repository\com\sun\istack\istack-commons-runtime\3.0.12\istack-commons-runtime-3.0.12.jar;D:\85970\Files\Programming\Maven\apache-maven-3.8.8\repository\org\springframework\data\spring-data-jpa\2.6.9\spring-data-jpa-2.6.9.jar;D:\85970\Files\Programming\Maven\apache-maven-3.8.8\repository\org\springframework\spring-orm\5.3.23\spring-orm-5.3.23.jar;D:\85970\Files\Programming\Maven\apache-maven-3.8.8\repository\org\springframework\spring-tx\5.3.23\spring-tx-5.3.23.jar;D:\85970\Files\Programming\Maven\apache-maven-3.8.8\repository\org\springframework\spring-aspects\5.3.23\spring-aspects-5.3.23.jar;D:\85970\Files\Programming\Maven\apache-maven-3.8.8\repository\com\alibaba\druid-spring-boot-starter\1.2.14\druid-spring-boot-starter-1.2.14.jar;D:\85970\Files\Programming\Maven\apache-maven-3.8.8\repository\com\alibaba\druid\1.2.14\druid-1.2.14.jar;D:\85970\Files\Programming\Maven\apache-maven-3.8.8\repository\org\springframework\boot\spring-boot-autoconfigure\2.6.13\spring-boot-autoconfigure-2.6.13.jar;D:\85970\Files\Programming\Maven\apache-maven-3.8.8\repository\org\projectlombok\lombok\1.18.24\lombok-1.18.24.jar;D:\85970\Files\Programming\Maven\apache-maven-3.8.8\repository\com\mysql\mysql-connector-j\8.0.31\mysql-connector-j-8.0.31.jar;D:\85970\Files\Programming\Maven\apache-maven-3.8.8\repository\org\springframework\boot\spring-boot-starter-web\2.6.13\spring-boot-starter-web-2.6.13.jar;D:\85970\Files\Programming\Maven\apache-maven-3.8.8\repository\org\springframework\boot\spring-boot-starter-json\2.6.13\spring-boot-starter-json-2.6.13.jar;D:\85970\Files\Programming\Maven\apache-maven-3.8.8\repository\com\fasterxml\jackson\datatype\jackson-datatype-jdk8\2.13.4\jackson-datatype-jdk8-2.13.4.jar;D:\85970\Files\Programming\Maven\apache-maven-3.8.8\repository\com\fasterxml\jackson\module\jackson-module-parameter-names\2.13.4\jackson-module-parameter-names-2.13.4.jar;D:\85970\Files\Programming\Maven\apache-maven-3.8.8\repository\org\springframework\boot\spring-boot-starter-tomcat\2.6.13\spring-boot-starter-tomcat-2.6.13.jar;D:\85970\Files\Programming\Maven\apache-maven-3.8.8\repository\org\apache\tomcat\embed\tomcat-embed-core\9.0.68\tomcat-embed-core-9.0.68.jar;D:\85970\Files\Programming\Maven\apache-maven-3.8.8\repository\org\apache\tomcat\embed\tomcat-embed-websocket\9.0.68\tomcat-embed-websocket-9.0.68.jar;D:\85970\Files\Programming\Maven\apache-maven-3.8.8\repository\org\springframework\spring-web\5.3.23\spring-web-5.3.23.jar;D:\85970\Files\Programming\Maven\apache-maven-3.8.8\repository\org\springframework\spring-webmvc\5.3.23\spring-webmvc-5.3.23.jar;D:\85970\Files\Programming\Maven\apache-maven-3.8.8\repository\org\springframework\data\spring-data-commons\2.6.9\spring-data-commons-2.6.9.jar;D:\85970\Files\Programming\Maven\apache-maven-3.8.8\repository\org\springframework\spring-beans\5.3.23\spring-beans-5.3.23.jar;D:\85970\Files\Programming\Maven\apache-maven-3.8.8\repository\org\springdoc\springdoc-openapi-ui\1.6.4\springdoc-openapi-ui-1.6.4.jar;D:\85970\Files\Programming\Maven\apache-maven-3.8.8\repository\org\springdoc\springdoc-openapi-webmvc-core\1.6.4\springdoc-openapi-webmvc-core-1.6.4.jar;D:\85970\Files\Programming\Maven\apache-maven-3.8.8\repository\org\springdoc\springdoc-openapi-common\1.6.4\springdoc-openapi-common-1.6.4.jar;D:\85970\Files\Programming\Maven\apache-maven-3.8.8\repository\io\swagger\core\v3\swagger-core\2.1.12\swagger-core-2.1.12.jar;D:\85970\Files\Programming\Maven\apache-maven-3.8.8\repository\org\apache\commons\commons-lang3\3.12.0\commons-lang3-3.12.0.jar;D:\85970\Files\Programming\Maven\apache-maven-3.8.8\repository\io\swagger\core\v3\swagger-annotations\2.1.12\swagger-annotations-2.1.12.jar;D:\85970\Files\Programming\Maven\apache-maven-3.8.8\repository\io\swagger\core\v3\swagger-models\2.1.12\swagger-models-2.1.12.jar;D:\85970\Files\Programming\Maven\apache-maven-3.8.8\repository\org\webjars\swagger-ui\4.1.3\swagger-ui-4.1.3.jar;D:\85970\Files\Programming\Maven\apache-maven-3.8.8\repository\org\webjars\webjars-locator-core\0.48\webjars-locator-core-0.48.jar;D:\85970\Files\Programming\Maven\apache-maven-3.8.8\repository\io\github\classgraph\classgraph\4.8.138\classgraph-4.8.138.jar;D:\85970\Files\Programming\Maven\apache-maven-3.8.8\repository\com\google\code\findbugs\jsr305\3.0.2\jsr305-3.0.2.jar;D:\85970\Files\Programming\Maven\apache-maven-3.8.8\repository\com\fasterxml\jackson\dataformat\jackson-dataformat-yaml\2.13.4\jackson-dataformat-yaml-2.13.4.jar;D:\85970\Files\Programming\Maven\apache-maven-3.8.8\repository\org\yaml\snakeyaml\1.29\snakeyaml-1.29.jar;D:\85970\Files\Programming\Maven\apache-maven-3.8.8\repository\com\fasterxml\jackson\core\jackson-core\2.13.4\jackson-core-2.13.4.jar;D:\85970\Files\Programming\Maven\apache-maven-3.8.8\repository\com\fasterxml\jackson\datatype\jackson-datatype-jsr310\2.13.4\jackson-datatype-jsr310-2.13.4.jar;D:\85970\Files\Programming\Maven\apache-maven-3.8.8\repository\com\fasterxml\jackson\core\jackson-annotations\2.13.4\jackson-annotations-2.13.4.jar;D:\85970\Files\Programming\Maven\apache-maven-3.8.8\repository\org\openapitools\jackson-databind-nullable\0.2.2\jackson-databind-nullable-0.2.2.jar;D:\85970\Files\Programming\Maven\apache-maven-3.8.8\repository\org\springframework\boot\spring-boot-starter-validation\2.6.13\spring-boot-starter-validation-2.6.13.jar;D:\85970\Files\Programming\Maven\apache-maven-3.8.8\repository\org\apache\tomcat\embed\tomcat-embed-el\9.0.68\tomcat-embed-el-9.0.68.jar;D:\85970\Files\Programming\Maven\apache-maven-3.8.8\repository\org\hibernate\validator\hibernate-validator\6.2.5.Final\hibernate-validator-6.2.5.Final.jar;D:\85970\Files\Programming\Maven\apache-maven-3.8.8\repository\jakarta\validation\jakarta.validation-api\2.0.2\jakarta.validation-api-2.0.2.jar;D:\85970\Files\Programming\Maven\apache-maven-3.8.8\repository\com\fasterxml\jackson\core\jackson-databind\2.13.4.2\jackson-databind-2.13.4.2.jar; -sourcepath D:\85970\Files\ProgrammingFiles\GitProject\Accounting System\server\src\main\java;D:\85970\Files\ProgrammingFiles\GitProject\Accounting System\server\target\generated-sources\annotations; -s D:\85970\Files\ProgrammingFiles\GitProject\Accounting System\server\target\generated-sources\annotations -processorpath D:\85970\Files\Programming\Maven\apache-maven-3.8.8\repository\org\mapstruct\mapstruct-processor\1.5.5.Final\mapstruct-processor-1.5.5.Final.jar;D:\85970\Files\Programming\Maven\apache-maven-3.8.8\repository\org\projectlombok\lombok\1.18.24\lombok-1.18.24.jar;D:\85970\Files\Programming\Maven\apache-maven-3.8.8\repository\org\projectlombok\lombok-mapstruct-binding\0.2.0\lombok-mapstruct-binding-0.2.0.jar; -g -parameters -nowarn -target 1.8 -source 1.8 -encoding UTF-8
[DEBUG] incrementalBuildHelper#beforeRebuildExecution
[INFO] Compiling 66 source files to D:\85970\Files\ProgrammingFiles\GitProject\Accounting System\server\target\classes
[DEBUG] incrementalBuildHelper#afterRebuildExecution
[INFO] -------------------------------------------------------------
[ERROR] COMPILATION ERROR : 
[INFO] -------------------------------------------------------------
[ERROR] /D:/85970/Files/ProgrammingFiles/GitProject/Accounting System/server/src/main/java/com/as/server/mapper/EntityMapper.java:[75,20] Qualifier error. No method found annotated with @Named#value: [ offsetDateTimeToLocalDateTime ]. See https://mapstruct.org/faq/#qualifier for more info.
[INFO] 1 error
[INFO] -------------------------------------------------------------
[INFO] ------------------------------------------------------------------------
[INFO] BUILD FAILURE
[INFO] ------------------------------------------------------------------------
[INFO] Total time:  2.365 s
[INFO] Finished at: 2025-05-11T02:04:46+08:00
[INFO] ------------------------------------------------------------------------
[ERROR] Failed to execute goal org.apache.maven.plugins:maven-compiler-plugin:3.8.1:compile (default-compile) on project openapi-spring: Compilation failure
[ERROR] /D:/85970/Files/ProgrammingFiles/GitProject/Accounting System/server/src/main/java/com/as/server/mapper/EntityMapper.java:[75,20] Qualifier error. No method found annotated with @Named#value: [ offsetDateTimeToLocalDateTime ]. See https://mapstruct.org/faq/#qualifier for more info.
[ERROR] 
[ERROR] -> [Help 1]
org.apache.maven.lifecycle.LifecycleExecutionException: Failed to execute goal org.apache.maven.plugins:maven-compiler-plugin:3.8.1:compile (default-compile) on project openapi-spring: Compilation failure
/D:/85970/Files/ProgrammingFiles/GitProject/Accounting System/server/src/main/java/com/as/server/mapper/EntityMapper.java:[75,20] Qualifier error. No method found annotated with @Named#value: [ offsetDateTimeToLocalDateTime ]. See https://mapstruct.org/faq/#qualifier for more info.

    at org.apache.maven.lifecycle.internal.MojoExecutor.doExecute2 (MojoExecutor.java:375)
    at org.apache.maven.lifecycle.internal.MojoExecutor.doExecute (MojoExecutor.java:351)
    at org.apache.maven.lifecycle.internal.MojoExecutor.execute (MojoExecutor.java:215)
    at org.apache.maven.lifecycle.internal.MojoExecutor.execute (MojoExecutor.java:171)
    at org.apache.maven.lifecycle.internal.MojoExecutor.execute (MojoExecutor.java:163)
    at org.apache.maven.lifecycle.internal.LifecycleModuleBuilder.buildProject (LifecycleModuleBuilder.java:117)
    at org.apache.maven.lifecycle.internal.LifecycleModuleBuilder.buildProject (LifecycleModuleBuilder.java:81)
    at org.apache.maven.lifecycle.internal.builder.singlethreaded.SingleThreadedBuilder.build (SingleThreadedBuilder.java:56)
    at org.apache.maven.lifecycle.internal.LifecycleStarter.execute (LifecycleStarter.java:128)
    at org.apache.maven.DefaultMaven.doExecute (DefaultMaven.java:299)
    at org.apache.maven.DefaultMaven.doExecute (DefaultMaven.java:193)
    at org.apache.maven.DefaultMaven.execute (DefaultMaven.java:106)
    at org.apache.maven.cli.MavenCli.execute (MavenCli.java:963)
    at org.apache.maven.cli.MavenCli.doMain (MavenCli.java:296)
    at org.apache.maven.cli.MavenCli.main (MavenCli.java:199)
    at sun.reflect.NativeMethodAccessorImpl.invoke0 (Native Method)
    at sun.reflect.NativeMethodAccessorImpl.invoke (NativeMethodAccessorImpl.java:62)
    at sun.reflect.DelegatingMethodAccessorImpl.invoke (DelegatingMethodAccessorImpl.java:43)
    at java.lang.reflect.Method.invoke (Method.java:498)
    at org.codehaus.plexus.classworlds.launcher.Launcher.launchEnhanced (Launcher.java:282)
    at org.codehaus.plexus.classworlds.launcher.Launcher.launch (Launcher.java:225)
    at org.codehaus.plexus.classworlds.launcher.Launcher.mainWithExitCode (Launcher.java:406)
    at org.codehaus.plexus.classworlds.launcher.Launcher.main (Launcher.java:347)
Caused by: org.apache.maven.plugin.compiler.CompilationFailureException: Compilation failure
/D:/85970/Files/ProgrammingFiles/GitProject/Accounting System/server/src/main/java/com/as/server/mapper/EntityMapper.java:[75,20] Qualifier error. No method found annotated with @Named#value: [ offsetDateTimeToLocalDateTime ]. See https://mapstruct.org/faq/#qualifier for more info.

    at org.apache.maven.plugin.compiler.AbstractCompilerMojo.execute (AbstractCompilerMojo.java:1220)
    at org.apache.maven.plugin.compiler.CompilerMojo.execute (CompilerMojo.java:187)
    at org.apache.maven.plugin.DefaultBuildPluginManager.executeMojo (DefaultBuildPluginManager.java:137)
    at org.apache.maven.lifecycle.internal.MojoExecutor.doExecute2 (MojoExecutor.java:370)
    at org.apache.maven.lifecycle.internal.MojoExecutor.doExecute (MojoExecutor.java:351)
    at org.apache.maven.lifecycle.internal.MojoExecutor.execute (MojoExecutor.java:215)
    at org.apache.maven.lifecycle.internal.MojoExecutor.execute (MojoExecutor.java:171)
    at org.apache.maven.lifecycle.internal.MojoExecutor.execute (MojoExecutor.java:163)
    at org.apache.maven.lifecycle.internal.LifecycleModuleBuilder.buildProject (LifecycleModuleBuilder.java:117)
    at org.apache.maven.lifecycle.internal.LifecycleModuleBuilder.buildProject (LifecycleModuleBuilder.java:81)
    at org.apache.maven.lifecycle.internal.builder.singlethreaded.SingleThreadedBuilder.build (SingleThreadedBuilder.java:56)
    at org.apache.maven.lifecycle.internal.LifecycleStarter.execute (LifecycleStarter.java:128)
    at org.apache.maven.DefaultMaven.doExecute (DefaultMaven.java:299)
    at org.apache.maven.DefaultMaven.doExecute (DefaultMaven.java:193)
    at org.apache.maven.DefaultMaven.execute (DefaultMaven.java:106)
    at org.apache.maven.cli.MavenCli.execute (MavenCli.java:963)
    at org.apache.maven.cli.MavenCli.doMain (MavenCli.java:296)
    at org.apache.maven.cli.MavenCli.main (MavenCli.java:199)
    at sun.reflect.NativeMethodAccessorImpl.invoke0 (Native Method)
    at sun.reflect.NativeMethodAccessorImpl.invoke (NativeMethodAccessorImpl.java:62)
    at sun.reflect.DelegatingMethodAccessorImpl.invoke (DelegatingMethodAccessorImpl.java:43)
    at java.lang.reflect.Method.invoke (Method.java:498)
    at org.codehaus.plexus.classworlds.launcher.Launcher.launchEnhanced (Launcher.java:282)
    at org.codehaus.plexus.classworlds.launcher.Launcher.launch (Launcher.java:225)
    at org.codehaus.plexus.classworlds.launcher.Launcher.mainWithExitCode (Launcher.java:406)
    at org.codehaus.plexus.classworlds.launcher.Launcher.main (Launcher.java:347)
[ERROR] 
[ERROR] 
[ERROR] For more information about the errors and possible solutions, please read the following articles:
[ERROR] [Help 1] http://cwiki.apache.org/confluence/display/MAVEN/MojoFailureException
